Archive member included to satisfy reference by file (symbol)

c:/spc5studio/eclipse/plugins/com.st.tools.spc5.tools.gnu.gcc.ppcvle.win32_1.0.0.201611101103/toolchain/bin/../lib/gcc/powerpc-eabivle/4.9.2/../../../../powerpc-eabivle/lib\libc.a(lib_a-atoi.o)
                              build/obj/shellcmd.o (atoi)
c:/spc5studio/eclipse/plugins/com.st.tools.spc5.tools.gnu.gcc.ppcvle.win32_1.0.0.201611101103/toolchain/bin/../lib/gcc/powerpc-eabivle/4.9.2/../../../../powerpc-eabivle/lib\libc.a(lib_a-memcpy.o)
                              build/obj/memstreams.o (memcpy)
c:/spc5studio/eclipse/plugins/com.st.tools.spc5.tools.gnu.gcc.ppcvle.win32_1.0.0.201611101103/toolchain/bin/../lib/gcc/powerpc-eabivle/4.9.2/../../../../powerpc-eabivle/lib\libc.a(lib_a-strcasecmp.o)
                              build/obj/shell.o (strcasecmp)
c:/spc5studio/eclipse/plugins/com.st.tools.spc5.tools.gnu.gcc.ppcvle.win32_1.0.0.201611101103/toolchain/bin/../lib/gcc/powerpc-eabivle/4.9.2/../../../../powerpc-eabivle/lib\libc.a(lib_a-strpbrk.o)
                              build/obj/shell.o (strpbrk)
c:/spc5studio/eclipse/plugins/com.st.tools.spc5.tools.gnu.gcc.ppcvle.win32_1.0.0.201611101103/toolchain/bin/../lib/gcc/powerpc-eabivle/4.9.2/../../../../powerpc-eabivle/lib\libc.a(lib_a-strspn.o)
                              build/obj/shell.o (strspn)
c:/spc5studio/eclipse/plugins/com.st.tools.spc5.tools.gnu.gcc.ppcvle.win32_1.0.0.201611101103/toolchain/bin/../lib/gcc/powerpc-eabivle/4.9.2/../../../../powerpc-eabivle/lib\libc.a(lib_a-strtol.o)
                              c:/spc5studio/eclipse/plugins/com.st.tools.spc5.tools.gnu.gcc.ppcvle.win32_1.0.0.201611101103/toolchain/bin/../lib/gcc/powerpc-eabivle/4.9.2/../../../../powerpc-eabivle/lib\libc.a(lib_a-atoi.o) (_strtol_r)
c:/spc5studio/eclipse/plugins/com.st.tools.spc5.tools.gnu.gcc.ppcvle.win32_1.0.0.201611101103/toolchain/bin/../lib/gcc/powerpc-eabivle/4.9.2/../../../../powerpc-eabivle/lib\libc.a(lib_a-ctype_.o)
                              c:/spc5studio/eclipse/plugins/com.st.tools.spc5.tools.gnu.gcc.ppcvle.win32_1.0.0.201611101103/toolchain/bin/../lib/gcc/powerpc-eabivle/4.9.2/../../../../powerpc-eabivle/lib\libc.a(lib_a-strcasecmp.o) (__ctype_ptr__)
c:/spc5studio/eclipse/plugins/com.st.tools.spc5.tools.gnu.gcc.ppcvle.win32_1.0.0.201611101103/toolchain/bin/../lib/gcc/powerpc-eabivle/4.9.2/../../../../powerpc-eabivle/lib\libc.a(lib_a-impure.o)
                              c:/spc5studio/eclipse/plugins/com.st.tools.spc5.tools.gnu.gcc.ppcvle.win32_1.0.0.201611101103/toolchain/bin/../lib/gcc/powerpc-eabivle/4.9.2/../../../../powerpc-eabivle/lib\libc.a(lib_a-strtol.o) (_impure_ptr)

Discarded input sections

 .text          0x00000000        0x0 build/obj/boot.o
 .data          0x00000000        0x0 build/obj/boot.o
 .bss           0x00000000        0x0 build/obj/boot.o
 .text          0x00000000        0x0 build/obj/crt0.o
 .data          0x00000000        0x0 build/obj/crt0.o
 .bss           0x00000000        0x0 build/obj/crt0.o
 .text          0x00000000        0x0 build/obj/ivor.o
 .data          0x00000000        0x0 build/obj/ivor.o
 .bss           0x00000000        0x0 build/obj/ivor.o
 .data          0x00000000        0x0 build/obj/vectors.o
 .bss           0x00000000        0x0 build/obj/vectors.o
 .text          0x00000000        0x0 build/obj/hal.o
 .data          0x00000000        0x0 build/obj/hal.o
 .bss           0x00000000        0x0 build/obj/hal.o
 .text          0x00000000        0x0 build/obj/hal_queues.o
 .data          0x00000000        0x0 build/obj/hal_queues.o
 .bss           0x00000000        0x0 build/obj/hal_queues.o
 .debug_info    0x00000000      0x17b build/obj/hal_queues.o
 .debug_abbrev  0x00000000       0x96 build/obj/hal_queues.o
 .debug_aranges
                0x00000000       0x18 build/obj/hal_queues.o
 .debug_line    0x00000000      0x1de build/obj/hal_queues.o
 .debug_str     0x00000000      0x284 build/obj/hal_queues.o
 .comment       0x00000000       0x55 build/obj/hal_queues.o
 .text          0x00000000        0x0 build/obj/pal.o
 .data          0x00000000        0x0 build/obj/pal.o
 .bss           0x00000000        0x0 build/obj/pal.o
 .text.palReadBus
                0x00000000       0x10 build/obj/pal.o
 .text.palWriteBus
                0x00000000       0x12 build/obj/pal.o
 .text.palSetBusMode
                0x00000000       0x16 build/obj/pal.o
 .text          0x00000000        0x0 build/obj/pwm.o
 .data          0x00000000        0x0 build/obj/pwm.o
 .bss           0x00000000        0x0 build/obj/pwm.o
 .text.pwmStop  0x00000000       0x3c build/obj/pwm.o
 .text.pwmChangePeriod
                0x00000000       0x26 build/obj/pwm.o
 .text.pwmDisableChannel
                0x00000000       0x22 build/obj/pwm.o
 .text          0x00000000        0x0 build/obj/serial.o
 .data          0x00000000        0x0 build/obj/serial.o
[...]
Memory Configuration

Name             Origin             Length             Attributes
flash            0x00000000         0x00040000
dataflash        0x00800000         0x00010000
ram              0x40000000         0x00004000
*default*        0x00000000         0xffffffff

Linker script and memory map

LOAD build/obj/boot.o
LOAD build/obj/crt0.o
LOAD build/obj/ivor.o
LOAD build/obj/vectors.o
LOAD build/obj/hal.o
LOAD build/obj/hal_queues.o
LOAD build/obj/pal.o
LOAD build/obj/pwm.o
LOAD build/obj/serial.o
LOAD build/obj/hal_lld.o
LOAD build/obj/spc5_edma.o
LOAD build/obj/spc5_emios.o
LOAD build/obj/pal_lld.o
LOAD build/obj/pwm_lld.o
LOAD build/obj/serial_lld.o
LOAD build/obj/chsys.o
LOAD build/obj/chdebug.o
LOAD build/obj/chlists.o
LOAD build/obj/chvt.o
LOAD build/obj/chschd.o
LOAD build/obj/chthreads.o
LOAD build/obj/chdynamic.o
LOAD build/obj/chregistry.o
LOAD build/obj/chsem.o
LOAD build/obj/chmtx.o
LOAD build/obj/chcond.o
LOAD build/obj/chevents.o
LOAD build/obj/chmsg.o
LOAD build/obj/chmboxes.o
LOAD build/obj/chqueues.o
LOAD build/obj/chmemcore.o
LOAD build/obj/chheap.o
LOAD build/obj/chmempools.o
LOAD build/obj/chcore.o
LOAD build/obj/osal.o
LOAD build/obj/shell.o
LOAD build/obj/memstreams.o
LOAD build/obj/chprintf.o
LOAD build/obj/board.o
LOAD build/obj/pwm_lld_cfg.o
LOAD build/obj/osal_cfg.o
LOAD build/obj/main.o
LOAD build/obj/shellcmd.o
LOAD build/obj/shellbt.o
LOAD build/obj/serialprintf.o
LOAD build/obj/serial_input.o
LOAD build/obj/speedsensor.o
LOAD build/obj/carcommand.o
LOAD build/obj/components.o
                0x00000000                __irq_stack_size__ = 0x0
                0x00000800                __process_stack_size__ = 0x800
                0x00040000                __flash_size__ = 0x40000
                0x00000000                __flash_start__ = ORIGIN (flash)
                0x00040000                __flash_end__ = (ORIGIN (flash) + 0x40000)
                0x00004000                __ram_size__ = 0x4000
                0x40000000                __ram_start__ = ORIGIN (ram)
                0x40004000                __ram_end__ = (ORIGIN (ram) + 0x4000)
                0x00000000                . = ORIGIN (flash)

.boot0          0x00000000      0x1dc
                0x00000000                . = (. + 0x0)
 *(.boot)
 .boot          0x00000000       0xd6 build/obj/boot.o
                0x00000008                _reset_address
 *(.handlers)
 *fill*         0x000000d6        0xa 
 .handlers      0x000000e0        0x4 build/obj/boot.o
                0x000000e0                _IVOR1
                0x000000e0                _IVOR12
                0x000000e0                _IVOR8
                0x000000e0                _IVOR3
                0x000000e0                _IVOR6
                0x000000e0                _IVOR5
                0x000000e0                _IVOR13
                0x000000e0                _IVOR7
                0x000000e0                _IVOR2
                0x000000e0                _IVOR11
                0x000000e0                _IVOR15
                0x000000e0                _IVOR0
                0x000000e0                _IVOR14
                0x000000e0                _unhandled_exception
                0x000000e0                _IVOR9
                0x000000e0                _IVOR10
 *fill*         0x000000e4        0xc 
 .handlers      0x000000f0       0x62 build/obj/ivor.o
                0x000000f0                _IVOR4
                0x00000140                _ivor_exit
 *(.crt0)
 *fill*         0x00000152        0xe 
 .crt0          0x00000160       0x7c build/obj/crt0.o
                0x00000160                _boot_address
                0x000001d4                _main_exit_handler
                0x000001da                __late_init

.boot1          0x000001e0      0xf14
                0x00000800                . = ALIGN (0x800)
 *fill*         0x000001e0      0x620 
 *(.vectors)
 .vectors       0x00000800      0x26c build/obj/vectors.o
                0x00000800                _vectors
                0x00001000                . = ALIGN (0x1000)
 *fill*         0x00000a6c      0x594 
                0x00001000                __ivpr_base__ = .
 *(.ivors)
 .ivors         0x00001000       0xf4 build/obj/boot.o
                0x00001000                IVORS

constructors    0x000010f4        0x0
                0x000010f4                PROVIDE (__init_array_start, .)
 *(SORT(.init_array.*))
 *(.init_array)
                0x000010f4                PROVIDE (__init_array_end, .)

destructors     0x000010f4        0x0
                0x000010f4                PROVIDE (__fini_array_start, .)
 *(.fini_array)
 *(SORT(.fini_array.*))
                0x000010f4                PROVIDE (__fini_array_end, .)

.text_vle
 *(.text_vle)
 *(.text_vle.*)
 *(.gnu.linkonce.t_vle.*)

.text           0x00001100     0x55fe
 *(.text)
 .text          0x00001100        0x2 build/obj/vectors.o
                0x00001100                vector119
                0x00001100                vector87
                0x00001100                vector86
                0x00001100                _unhandled_irq
                0x00001100                vector91
                0x00001100                vector33
                0x00001100                vector108
                0x00001100                vector43
                0x00001100                vector115
                0x00001100                vector122
                0x00001100                vector7
                0x00001100                vector61
                0x00001100                vector111
                0x00001100                vector67
                0x00001100                vector138
                0x00001100                vector74
                0x00001100                vector57
                0x00001100                vector141
                0x00001100                vector3
                0x00001100                vector2
                0x00001100                vector118
                0x00001100                vector70
                0x00001100                vector69
                0x00001100                vector64
                0x00001100                vector27
                0x00001100                vector132
                0x00001100                vector1
                0x00001100                vector38
                0x00001100                vector133
                0x00001100                vector73
                0x00001100                vector144
                0x00001100                vector128
                0x00001100                vector51
                0x00001100                vector54
                0x00001100                vector92
                0x00001100                vector140
                0x00001100                vector45
                0x00001100                vector39
                0x00001100                vector35
                0x00001100                vector113
                0x00001100                vector125
                0x00001100                vector63
                0x00001100                vector4
                0x00001100                vector136
                0x00001100                vector85
                0x00001100                vector84
                0x00001100                vector47
                0x00001100                vector42
                0x00001100                vector114
                0x00001100                vector143
                0x00001100                vector130
                0x00001100                vector9
                0x00001100                vector142
                0x00001100                vector60
                0x00001100                vector66
                0x00001100                vector29
                0x00001100                vector135
                0x00001100                vector77
                0x00001100                vector98
                0x00001100                vector97
                0x00001100                vector32
                0x00001100                vector131
                0x00001100                vector0
                0x00001100                vector107
                0x00001100                vector40
                0x00001100                vector102
                0x00001100                vector56
                0x00001100                vector68
                0x00001100                vector6
                0x00001100                vector129
                0x00001100                vector152
                0x00001100                vector37
                0x00001100                vector71
                0x00001100                vector112
                0x00001100                vector109
                0x00001100                vector53
                0x00001100                vector95
                0x00001100                vector49
                0x00001100                vector44
                0x00001100                vector78
                0x00001100                vector117
                0x00001100                vector82
                0x00001100                vector8
                0x00001100                vector149
                0x00001100                vector106
                0x00001100                vector90
                0x00001100                vector62
                0x00001100                vector120
                0x00001100                vector50
                0x00001100                vector151
                0x00001100                vector83
                0x00001100                vector89
                0x00001100                vector88
                0x00001100                vector34
                0x00001100                vector46
                0x00001100                vector134
                0x00001100                vector30
                0x00001100                vector127
                0x00001100                vector76
                0x00001100                vector75
                0x00001100                vector150
                0x00001100                vector58
                0x00001100                vector123
                0x00001100                vector96
                0x00001100                vector31
                0x00001100                vector139
                0x00001100                vector153
                0x00001100                vector121
                0x00001100                vector5
                0x00001100                vector124
                0x00001100                vector110
                0x00001100                vector137
                0x00001100                vector72
                0x00001100                vector55
                0x00001100                vector126
                0x00001100                vector65
                0x00001100                vector28
                0x00001100                vector104
                0x00001100                vector116
                0x00001100                vector52
                0x00001100                vector94
                0x00001100                vector93
                0x00001100                vector48
                0x00001100                vector154
                0x00001100                vector36
                0x00001100                vector105
                0x00001100                vector103
 *fill*         0x00001102        0xe 
 .text          0x00001110       0x10 c:/spc5studio/eclipse/plugins/com.st.tools.spc5.tools.gnu.gcc.ppcvle.win32_1.0.0.201611101103/toolchain/bin/../lib/gcc/powerpc-eabivle/4.9.2/../../../../powerpc-eabivle/lib\libc.a(lib_a-atoi.o)
                0x00001110                atoi
                0x00001118                _atoi_r
 .text          0x00001120       0x80 c:/spc5studio/eclipse/plugins/com.st.tools.spc5.tools.gnu.gcc.ppcvle.win32_1.0.0.201611101103/toolchain/bin/../lib/gcc/powerpc-eabivle/4.9.2/../../../../powerpc-eabivle/lib\libc.a(lib_a-strcasecmp.o)
                0x00001120                strcasecmp
 .text          0x000011a0       0x82 c:/spc5studio/eclipse/plugins/com.st.tools.spc5.tools.gnu.gcc.ppcvle.win32_1.0.0.201611101103/toolchain/bin/../lib/gcc/powerpc-eabivle/4.9.2/../../../../powerpc-eabivle/lib\libc.a(lib_a-strpbrk.o)
                0x000011a0                strpbrk
 *fill*         0x00001222        0xe 
 .text          0x00001230       0x66 c:/spc5studio/eclipse/plugins/com.st.tools.spc5.tools.gnu.gcc.ppcvle.win32_1.0.0.201611101103/toolchain/bin/../lib/gcc/powerpc-eabivle/4.9.2/../../../../powerpc-eabivle/lib\libc.a(lib_a-strspn.o)
                0x00001230                strspn
 *fill*         0x00001296        0xa 
 .text          0x000012a0      0x1f0 c:/spc5studio/eclipse/plugins/com.st.tools.spc5.tools.gnu.gcc.ppcvle.win32_1.0.0.201611101103/toolchain/bin/../lib/gcc/powerpc-eabivle/4.9.2/../../../../powerpc-eabivle/lib\libc.a(lib_a-strtol.o)
                0x000012a0                _strtol_r
                0x0000147c                strtol
 *(.text.*)
 .text.halInit  0x00001490       0x2a build/obj/hal.o
                0x00001490                halInit
 *fill*         0x000014ba        0x6 
 .text.pwmInit  0x000014c0        0x4 build/obj/pwm.o
                0x000014c0                pwmInit
 *fill*         0x000014c4        0xc 
 .text.pwmObjectInit
                0x000014d0       0x12 build/obj/pwm.o
                0x000014d0                pwmObjectInit
 *fill*         0x000014e2        0xe 
 .text.pwmStart
                0x000014f0       0x46 build/obj/pwm.o
                0x000014f0                pwmStart
 *fill*         0x00001536        0xa 
 .text.pwmEnableChannel
                0x00001540       0x22 build/obj/pwm.o
                0x00001540                pwmEnableChannel
 *fill*         0x00001562        0xe 
 .text.readt    0x00001570        0x6 build/obj/serial.o
 *fill*         0x00001576        0xa 
 .text.read     0x00001580        0x8 build/obj/serial.o
 *fill*         0x00001588        0x8 
 .text.writet   0x00001590        0x8 build/obj/serial.o
 *fill*         0x00001598        0x8 
 .text.write    0x000015a0        0xa build/obj/serial.o
 *fill*         0x000015aa        0x6 
 .text.gett     0x000015b0        0x6 build/obj/serial.o
 *fill*         0x000015b6        0xa 
 .text.get      0x000015c0        0x8 build/obj/serial.o
 *fill*         0x000015c8        0x8 
 .text.putt     0x000015d0        0x8 build/obj/serial.o
 *fill*         0x000015d8        0x8 
 .text.put      0x000015e0        0xa build/obj/serial.o
 *fill*         0x000015ea        0x6 
 .text.sdInit   0x000015f0        0x4 build/obj/serial.o
                0x000015f0                sdInit
 *fill*         0x000015f4        0xc 
 .text.sdObjectInit
                0x00001600       0x58 build/obj/serial.o
                0x00001600                sdObjectInit
 *fill*         0x00001658        0x8 
 .text.sdStart  0x00001660       0x3c build/obj/serial.o
                0x00001660                sdStart
 *fill*         0x0000169c        0x4 
 .text.sdIncomingDataI
                0x000016a0       0x68 build/obj/serial.o
                0x000016a0                sdIncomingDataI
 *fill*         0x00001708        0x8 
 .text.sdRequestDataI
                0x00001710       0x44 build/obj/serial.o
                0x00001710                sdRequestDataI
 *fill*         0x00001754        0xc 
 .text.vector59
                0x00001760       0x20 build/obj/hal_lld.o
                0x00001760                vector59
 .text.hal_lld_init
                0x00001780      0x11e build/obj/hal_lld.o
                0x00001780                hal_lld_init
 *fill*         0x0000189e        0x2 
 .text.spc_clock_init
                0x000018a0      0x232 build/obj/hal_lld.o
                0x000018a0                spc_clock_init
 *fill*         0x00001ad2        0xe 
 .text.halSPCSetPeripheralClockMode
                0x00001ae0       0x2e build/obj/hal_lld.o
                0x00001ae0                halSPCSetPeripheralClockMode
 *fill*         0x00001b0e        0x2 
 .text.halSPCGetSystemClock
                0x00001b10       0x3a build/obj/hal_lld.o
                0x00001b10                halSPCGetSystemClock
 *fill*         0x00001b4a        0x6 
 .text.vector10
                0x00001b50       0x88 build/obj/spc5_edma.o
                0x00001b50                vector10
 *fill*         0x00001bd8        0x8 
 .text.vector11
                0x00001be0       0x72 build/obj/spc5_edma.o
                0x00001be0                vector11
 *fill*         0x00001c52        0xe 
 .text.vector12
                0x00001c60       0x76 build/obj/spc5_edma.o
                0x00001c60                vector12
 *fill*         0x00001cd6        0xa 
 .text.vector13
                0x00001ce0       0x76 build/obj/spc5_edma.o
                0x00001ce0                vector13
 *fill*         0x00001d56        0xa 
 .text.vector14
                0x00001d60       0x76 build/obj/spc5_edma.o
                0x00001d60                vector14
 *fill*         0x00001dd6        0xa 
 .text.vector15
                0x00001de0       0x76 build/obj/spc5_edma.o
                0x00001de0                vector15
 *fill*         0x00001e56        0xa 
 .text.vector16
                0x00001e60       0x76 build/obj/spc5_edma.o
                0x00001e60                vector16
 *fill*         0x00001ed6        0xa 
 .text.vector17
                0x00001ee0       0x76 build/obj/spc5_edma.o
                0x00001ee0                vector17
 *fill*         0x00001f56        0xa 
 .text.vector18
                0x00001f60       0x76 build/obj/spc5_edma.o
                0x00001f60                vector18
 *fill*         0x00001fd6        0xa 
 .text.vector19
                0x00001fe0       0x76 build/obj/spc5_edma.o
                0x00001fe0                vector19
 *fill*         0x00002056        0xa 
 .text.vector20
                0x00002060       0x76 build/obj/spc5_edma.o
                0x00002060                vector20
 *fill*         0x000020d6        0xa 
 .text.vector21
                0x000020e0       0x76 build/obj/spc5_edma.o
                0x000020e0                vector21
 *fill*         0x00002156        0xa 
 .text.vector22
                0x00002160       0x76 build/obj/spc5_edma.o
                0x00002160                vector22
 *fill*         0x000021d6        0xa 
 .text.vector23
                0x000021e0       0x76 build/obj/spc5_edma.o
                0x000021e0                vector23
 *fill*         0x00002256        0xa 
 .text.vector24
                0x00002260       0x76 build/obj/spc5_edma.o
                0x00002260                vector24
 *fill*         0x000022d6        0xa 
 .text.vector25
                0x000022e0       0x76 build/obj/spc5_edma.o
                0x000022e0                vector25
 *fill*         0x00002356        0xa 
 .text.vector26
                0x00002360       0x76 build/obj/spc5_edma.o
                0x00002360                vector26
 *fill*         0x000023d6        0xa 
 .text.edmaInit
                0x000023e0       0x64 build/obj/spc5_edma.o
                0x000023e0                edmaInit
 *fill*         0x00002444        0xc 
 .text.reset_emios0_active_channels
                0x00002450        0xe build/obj/spc5_emios.o
                0x00002450                reset_emios0_active_channels
 *fill*         0x0000245e        0x2 
 .text.get_emios0_active_channels
                0x00002460        0xa build/obj/spc5_emios.o
                0x00002460                get_emios0_active_channels
 *fill*         0x0000246a        0x6 
 .text.increase_emios0_active_channels
                0x00002470       0x12 build/obj/spc5_emios.o
                0x00002470                increase_emios0_active_channels
 *fill*         0x00002482        0xe 
 .text.pwm_active_emios0_clock
                0x00002490       0x8a build/obj/spc5_emios.o
                0x00002490                pwm_active_emios0_clock
 *fill*         0x0000251a        0x6 
 .text._pal_lld_init
                0x00002520       0xd8 build/obj/pal_lld.o
                0x00002520                _pal_lld_init
 *fill*         0x000025f8        0x8 
 .text.pwm_lld_serve_interrupt2.constprop.1
                0x00002600       0x76 build/obj/pwm_lld.o
 *fill*         0x00002676        0xa 
 .text.vector145
                0x00002680       0x9c build/obj/pwm_lld.o
                0x00002680                vector145
 *fill*         0x0000271c        0x4 
 .text.vector146
                0x00002720       0x44 build/obj/pwm_lld.o
                0x00002720                vector146
 *fill*         0x00002764        0xc 
 .text.vector147
                0x00002770       0x44 build/obj/pwm_lld.o
                0x00002770                vector147
 *fill*         0x000027b4        0xc 
 .text.vector148
                0x000027c0       0x44 build/obj/pwm_lld.o
                0x000027c0                vector148
 *fill*         0x00002804        0xc 
 .text.pwm_lld_init
                0x00002810       0x5a build/obj/pwm_lld.o
                0x00002810                pwm_lld_init
 *fill*         0x0000286a        0x6 
 .text.pwm_lld_start
                0x00002870      0x2ac build/obj/pwm_lld.o
                0x00002870                pwm_lld_start
 *fill*         0x00002b1c        0x4 
 .text.pwm_lld_enable_channel
                0x00002b20       0xa0 build/obj/pwm_lld.o
                0x00002b20                pwm_lld_enable_channel
 .text.spc5xx_serve_err_interrupt
                0x00002bc0       0x30 build/obj/serial_lld.o
 .text.spc5xx_serve_rxi_interrupt
                0x00002bf0       0x86 build/obj/serial_lld.o
 *fill*         0x00002c76        0xa 
 .text.spc5xx_serve_txi_interrupt
                0x00002c80       0x60 build/obj/serial_lld.o
 .text.notify2  0x00002ce0       0x60 build/obj/serial_lld.o
 .text.notify1  0x00002d40       0x60 build/obj/serial_lld.o
 .text.vector79
                0x00002da0        0xc build/obj/serial_lld.o
                0x00002da0                vector79
 *fill*         0x00002dac        0x4 
 .text.vector80
                0x00002db0        0xc build/obj/serial_lld.o
                0x00002db0                vector80
 *fill*         0x00002dbc        0x4 
 .text.vector81
                0x00002dc0        0xc build/obj/serial_lld.o
                0x00002dc0                vector81
 *fill*         0x00002dcc        0x4 
 .text.vector99
                0x00002dd0        0xc build/obj/serial_lld.o
                0x00002dd0                vector99
 *fill*         0x00002ddc        0x4 
 .text.vector100
                0x00002de0        0xc build/obj/serial_lld.o
                0x00002de0                vector100
 *fill*         0x00002dec        0x4 
 .text.vector101
                0x00002df0        0xc build/obj/serial_lld.o
                0x00002df0                vector101
 *fill*         0x00002dfc        0x4 
 .text.sd_lld_init
                0x00002e00       0x96 build/obj/serial_lld.o
                0x00002e00                sd_lld_init
 *fill*         0x00002e96        0xa 
 .text.sd_lld_start
                0x00002ea0       0xc6 build/obj/serial_lld.o
                0x00002ea0                sd_lld_start
 *fill*         0x00002f66        0xa 
 .text._idle_thread
                0x00002f70       0x18 build/obj/chsys.o
                0x00002f70                _idle_thread
 *fill*         0x00002f88        0x8 
 .text.chSysInit
                0x00002f90       0x74 build/obj/chsys.o
                0x00002f90                chSysInit
 *fill*         0x00003004        0xc 
 .text.chSysTimerHandlerI
                0x00003010       0xa4 build/obj/chsys.o
                0x00003010                chSysTimerHandlerI
 *fill*         0x000030b4        0xc 
 .text._vt_init
                0x000030c0       0x22 build/obj/chvt.o
                0x000030c0                _vt_init
 *fill*         0x000030e2        0xe 
 .text.chVTSetI
                0x000030f0       0x56 build/obj/chvt.o
                0x000030f0                chVTSetI
 *fill*         0x00003146        0xa 
 .text.chVTResetI
                0x00003150       0x3e build/obj/chvt.o
                0x00003150                chVTResetI
 *fill*         0x0000318e        0x2 
 .text.wakeup   0x00003190       0x88 build/obj/chschd.o
 *fill*         0x00003218        0x8 
 .text._scheduler_init
                0x00003220       0x22 build/obj/chschd.o
                0x00003220                _scheduler_init
 *fill*         0x00003242        0xe 
 .text.chSchReadyI
                0x00003250       0x3a build/obj/chschd.o
                0x00003250                chSchReadyI
 *fill*         0x0000328a        0x6 
 .text.chSchGoSleepS
                0x00003290       0x38 build/obj/chschd.o
                0x00003290                chSchGoSleepS
 *fill*         0x000032c8        0x8 
 .text.chSchGoSleepTimeoutS
                0x000032d0       0x82 build/obj/chschd.o
                0x000032d0                chSchGoSleepTimeoutS
 *fill*         0x00003352        0xe 
 .text.chSchWakeupS
                0x00003360       0x80 build/obj/chschd.o
                0x00003360                chSchWakeupS
 .text.chSchIsPreemptionRequired
                0x000033e0       0x3e build/obj/chschd.o
                0x000033e0                chSchIsPreemptionRequired
 *fill*         0x0000341e        0x2 
 .text.chSchDoRescheduleBehind
                0x00003420       0x66 build/obj/chschd.o
                0x00003420                chSchDoRescheduleBehind
 *fill*         0x00003486        0xa 
 .text.chSchDoRescheduleAhead
                0x00003490       0x60 build/obj/chschd.o
                0x00003490                chSchDoRescheduleAhead
 .text.chSchRescheduleS
                0x000034f0       0x24 build/obj/chschd.o
                0x000034f0                chSchRescheduleS
 *fill*         0x00003514        0xc 
 .text.chSchDoReschedule
                0x00003520       0x1c build/obj/chschd.o
                0x00003520                chSchDoReschedule
 *fill*         0x0000353c        0x4 
 .text._thread_init
                0x00003540       0x60 build/obj/chthreads.o
                0x00003540                _thread_init
 .text.chThdCreateI
                0x000035a0       0x84 build/obj/chthreads.o
                0x000035a0                chThdCreateI
 *fill*         0x00003624        0xc 
 .text.chThdCreateStatic
                0x00003630       0x2a build/obj/chthreads.o
                0x00003630                chThdCreateStatic
 *fill*         0x0000365a        0x6 
 .text.chThdSleep
                0x00003660       0x20 build/obj/chthreads.o
                0x00003660                chThdSleep
 .text.chThdExitS
                0x00003680       0x6e build/obj/chthreads.o
                0x00003680                chThdExitS
 *fill*         0x000036ee        0x2 
 .text.chThdExit
                0x000036f0        0x8 build/obj/chthreads.o
                0x000036f0                chThdExit
 *fill*         0x000036f8        0x8 
 .text.chThdRelease
                0x00003700       0x84 build/obj/chdynamic.o
                0x00003700                chThdRelease
 *fill*         0x00003784        0xc 
 .text.chThdCreateFromHeap
                0x00003790       0x58 build/obj/chdynamic.o
                0x00003790                chThdCreateFromHeap
 *fill*         0x000037e8        0x8 
 .text.chRegFirstThread
                0x000037f0       0x1e build/obj/chregistry.o
                0x000037f0                chRegFirstThread
 *fill*         0x0000380e        0x2 
 .text.chRegNextThread
                0x00003810       0x46 build/obj/chregistry.o
                0x00003810                chRegNextThread
 *fill*         0x00003856        0xa 
 .text.chMtxInit
                0x00003860        0xe build/obj/chmtx.o
                0x00003860                chMtxInit
 *fill*         0x0000386e        0x2 
 .text.chMtxLockS
                0x00003870      0x170 build/obj/chmtx.o
                0x00003870                chMtxLockS
 .text.chMtxLock
                0x000039e0       0x1c build/obj/chmtx.o
                0x000039e0                chMtxLock
 *fill*         0x000039fc        0x4 
 .text.chMtxUnlock
                0x00003a00       0xac build/obj/chmtx.o
                0x00003a00                chMtxUnlock
 *fill*         0x00003aac        0x4 
 .text.chEvtSignalI
                0x00003ab0       0x68 build/obj/chevents.o
                0x00003ab0                chEvtSignalI
 *fill*         0x00003b18        0x8 
 .text.chEvtBroadcastFlagsI
                0x00003b20       0x44 build/obj/chevents.o
                0x00003b20                chEvtBroadcastFlagsI
 *fill*         0x00003b64        0xc 
 .text.qwait    0x00003b70       0x34 build/obj/chqueues.o
 *fill*         0x00003ba4        0xc 
 .text.chIQInit
                0x00003bb0       0x1e build/obj/chqueues.o
                0x00003bb0                chIQInit
 *fill*         0x00003bce        0x2 
 .text.chIQPutI
                0x00003bd0       0x86 build/obj/chqueues.o
                0x00003bd0                chIQPutI
 *fill*         0x00003c56        0xa 
 .text.chIQGetTimeout
                0x00003c60       0x7e build/obj/chqueues.o
                0x00003c60                chIQGetTimeout
 *fill*         0x00003cde        0x2 
 .text.chIQReadTimeout
                0x00003ce0       0xb6 build/obj/chqueues.o
                0x00003ce0                chIQReadTimeout
 *fill*         0x00003d96        0xa 
 .text.chOQInit
                0x00003da0       0x1a build/obj/chqueues.o
                0x00003da0                chOQInit
 *fill*         0x00003dba        0x6 
 .text.chOQPutTimeout
                0x00003dc0       0x98 build/obj/chqueues.o
                0x00003dc0                chOQPutTimeout
 *fill*         0x00003e58        0x8 
 .text.chOQGetI
                0x00003e60       0x86 build/obj/chqueues.o
                0x00003e60                chOQGetI
 *fill*         0x00003ee6        0xa 
 .text.chOQWriteTimeout
                0x00003ef0       0xc4 build/obj/chqueues.o
                0x00003ef0                chOQWriteTimeout
 *fill*         0x00003fb4        0xc 
 .text._core_init
                0x00003fc0       0x2e build/obj/chmemcore.o
                0x00003fc0                _core_init
 *fill*         0x00003fee        0x2 
 .text.chCoreAlloc
                0x00003ff0       0x3a build/obj/chmemcore.o
                0x00003ff0                chCoreAlloc
 *fill*         0x0000402a        0x6 
 .text.chCoreStatus
                0x00004030       0x16 build/obj/chmemcore.o
                0x00004030                chCoreStatus
 *fill*         0x00004046        0xa 
 .text._heap_init
                0x00004050       0x26 build/obj/chheap.o
                0x00004050                _heap_init
 *fill*         0x00004076        0xa 
 .text.chHeapAlloc
                0x00004080       0xc8 build/obj/chheap.o
                0x00004080                chHeapAlloc
 *fill*         0x00004148        0x8 
 .text.chHeapFree
                0x00004150       0xd8 build/obj/chheap.o
                0x00004150                chHeapFree
 *fill*         0x00004228        0x8 
 .text.chHeapStatus
                0x00004230       0x70 build/obj/chheap.o
                0x00004230                chHeapStatus
 .text.chPoolFree
                0x000042a0       0x14 build/obj/chmempools.o
                0x000042a0                chPoolFree
 *fill*         0x000042b4        0xc 
 .text.port_init
                0x000042c0        0x2 build/obj/chcore.o
                0x000042c0                port_init
 *fill*         0x000042c2        0xe 
 .text.port_halt
                0x000042d0        0x8 build/obj/chcore.o
                0x000042d0                port_halt
 *fill*         0x000042d8        0x8 
 .text.port_dummy1
                0x000042e0       0x3c build/obj/chcore.o
                0x000042e0                _port_switch
                0x000042e0                port_dummy1
 *fill*         0x0000431c        0x4 
 .text.port_dummy2
                0x00004320       0x14 build/obj/chcore.o
                0x00004320                port_dummy2
                0x00004320                _port_thread_start
 *fill*         0x00004334        0xc 
 .text.osalInit
                0x00004340       0x34 build/obj/osal.o
                0x00004340                osalInit
 *fill*         0x00004374        0xc 
 .text.chprintf
                0x00004380       0x4c build/obj/shell.o
 *fill*         0x000043cc        0x4 
 .text.cmd_systime
                0x000043d0       0x34 build/obj/shell.o
 *fill*         0x00004404        0xc 
 .text.cmd_info
                0x00004410       0xf6 build/obj/shell.o
 *fill*         0x00004506        0xa 
 .text._strtok.constprop.2
                0x00004510       0xa0 build/obj/shell.o
 .text.shellInit
                0x000045b0        0xe build/obj/shell.o
                0x000045b0                shellInit
 *fill*         0x000045be        0x2 
 .text.shellExit
                0x000045c0       0x2c build/obj/shell.o
                0x000045c0                shellExit
 *fill*         0x000045ec        0x4 
 .text.shellCreate
                0x000045f0       0x10 build/obj/shell.o
                0x000045f0                shellCreate
 .text.shellGetLine
                0x00004600      0x136 build/obj/shell.o
                0x00004600                shellGetLine
 *fill*         0x00004736        0xa 
 .text.shell_thread
                0x00004740      0x2fe build/obj/shell.o
 *fill*         0x00004a3e        0x2 
 .text.long_to_string_with_divisor.constprop.0
                0x00004a40       0x54 build/obj/chprintf.o
 *fill*         0x00004a94        0xc 
 .text.chvprintf
                0x00004aa0      0x4e4 build/obj/chprintf.o
                0x00004aa0                chvprintf
 *fill*         0x00004f84        0xc 
 .text.__early_init
                0x00004f90        0x4 build/obj/board.o
                0x00004f90                __early_init
 *fill*         0x00004f94        0xc 
 .text.boardInit
                0x00004fa0        0x2 build/obj/board.o
                0x00004fa0                boardInit
 *fill*         0x00004fa2        0xe 
 .text.osal_cfg_init
                0x00004fb0        0x2 build/obj/osal_cfg.o
                0x00004fb0                osal_cfg_init
 *fill*         0x00004fb2        0xe 
 .text.Thread1  0x00004fc0      0x364 build/obj/main.o
 *fill*         0x00005324        0xc 
 .text.startup.main
                0x00005330      0x132 build/obj/main.o
                0x00005330                main
 *fill*         0x00005462        0xe 
 .text.cliGauche
                0x00005470        0xe build/obj/shellcmd.o
                0x00005470                cliGauche
 *fill*         0x0000547e        0x2 
 .text.cliDroit
                0x00005480        0xe build/obj/shellcmd.o
                0x00005480                cliDroit
 *fill*         0x0000548e        0x2 
 .text.chprintf
                0x00005490       0x4c build/obj/shellcmd.o
 *fill*         0x000054dc        0x4 
 .text.stopdemo
                0x000054e0       0x1c build/obj/shellcmd.o
                0x000054e0                stopdemo
 *fill*         0x000054fc        0x4 
 .text.conduire
                0x00005500       0x46 build/obj/shellcmd.o
                0x00005500                conduire
 *fill*         0x00005546        0xa 
 .text.ThreadFullDemo
                0x00005550      0x122 build/obj/shellcmd.o
 *fill*         0x00005672        0xe 
 .text.cmd_mem  0x00005680       0x7a build/obj/shellcmd.o
                0x00005680                cmd_mem
 *fill*         0x000056fa        0x6 
 .text.stopgps  0x00005700       0x80 build/obj/shellcmd.o
                0x00005700                stopgps
 .text.speed    0x00005780       0x28 build/obj/shellcmd.o
                0x00005780                speed
 *fill*         0x000057a8        0x8 
 .text.cmd_threads
                0x000057b0       0x8e build/obj/shellcmd.o
                0x000057b0                cmd_threads
 *fill*         0x0000583e        0x2 
 .text.startgps
                0x00005840       0x8a build/obj/shellcmd.o
                0x00005840                startgps
 *fill*         0x000058ca        0x6 
 .text.startdemo
                0x000058d0       0x54 build/obj/shellcmd.o
                0x000058d0                startdemo
 *fill*         0x00005924        0xc 
 .text.drive    0x00005930       0x6e build/obj/shellcmd.o
                0x00005930                drive
 *fill*         0x0000599e        0x2 
 .text.turn     0x000059a0       0x32 build/obj/shellcmd.o
                0x000059a0                turn
 *fill*         0x000059d2        0xe 
 .text.blink    0x000059e0       0x52 build/obj/shellcmd.o
                0x000059e0                blink
 *fill*         0x00005a32        0xe 
 .text.cmd_at   0x00005a40       0x70 build/obj/shellcmd.o
 .text.ThreadCarBlinker
                0x00005ab0       0xbe build/obj/shellcmd.o
                0x00005ab0                ThreadCarBlinker
 *fill*         0x00005b6e        0x2 
 .text.chprintf.constprop.0
                0x00005b70       0x54 build/obj/shellbt.o
 *fill*         0x00005bc4        0xc 
 .text.ThreadGPS
                0x00005bd0       0x72 build/obj/shellbt.o
                0x00005bd0                ThreadGPS
 *fill*         0x00005c42        0xe 
 .text.long_to_string_with_divisor.constprop.0
                0x00005c50       0x54 build/obj/serialprintf.o
 *fill*         0x00005ca4        0xc 
 .text.serialvprintf
                0x00005cb0      0x558 build/obj/serialprintf.o
                0x00005cb0                serialvprintf
 *fill*         0x00006208        0x8 
 .text.serialprintf
                0x00006210       0x4e build/obj/serial_input.o
 *fill*         0x0000625e        0x2 
 .text.get_string
                0x00006260      0x10a build/obj/serial_input.o
                0x00006260                get_string
 *fill*         0x0000636a        0x6 
 .text.vector41
                0x00006370       0xd2 build/obj/speedsensor.o
                0x00006370                vector41
 *fill*         0x00006442        0xe 
 .text.initSpeedSensor
                0x00006450       0x30 build/obj/speedsensor.o
                0x00006450                initSpeedSensor
 .text.initEvents
                0x00006480       0xba build/obj/speedsensor.o
                0x00006480                initEvents
 *fill*         0x0000653a        0x6 
 .text.turncmd  0x00006540       0xcc build/obj/carcommand.o
                0x00006540                turncmd
 *fill*         0x0000660c        0x4 
 .text.drivecmd
                0x00006610       0xa8 build/obj/carcommand.o
                0x00006610                drivecmd
 *fill*         0x000066b8        0x8 
 .text.stopcmd  0x000066c0       0x1a build/obj/carcommand.o
                0x000066c0                stopcmd
 *fill*         0x000066da        0x6 
 .text.componentsInit
                0x000066e0       0x1e build/obj/components.o
                0x000066e0                componentsInit
 *(.gnu.linkonce.t.*)

.glink          0x000066fe        0x0
 .glink         0x000066fe        0x0 build/obj/boot.o

.rodata         0x00006700      0xe74
 *(.glue_7t)
 *(.glue_7)
 *(.gcc*)
 *(.rodata)
 .rodata        0x00006700      0x101 c:/spc5studio/eclipse/plugins/com.st.tools.spc5.tools.gnu.gcc.ppcvle.win32_1.0.0.201611101103/toolchain/bin/../lib/gcc/powerpc-eabivle/4.9.2/../../../../powerpc-eabivle/lib\libc.a(lib_a-ctype_.o)
                0x00006700                _ctype_
 *(.rodata.*)
 *fill*         0x00006801        0xf 
 .rodata.vmt    0x00006810       0x20 build/obj/serial.o
 .rodata.g0     0x00006830       0x10 build/obj/spc5_edma.o
 .rodata.default_config
                0x00006840        0x8 build/obj/serial_lld.o
 *fill*         0x00006848        0x8 
 .rodata.str1.4
                0x00006850        0x5 build/obj/chsys.o
 *fill*         0x00006855        0xb 
 .rodata.wakeup
                0x00006860       0x38 build/obj/chschd.o
 *fill*         0x00006898        0x8 
 .rodata.ch_debug
                0x000068a0       0x16 build/obj/chregistry.o
                0x000068a0                ch_debug
 *fill*         0x000068b6        0xa 
 .rodata.str1.4
                0x000068c0      0x235 build/obj/shell.o
                                0x239 (size before relaxing)
 *fill*         0x00006af5        0xb 
 .rodata.chvprintf
                0x00006b00      0x1a8 build/obj/chprintf.o
 *fill*         0x00006ca8        0x8 
 .rodata.str1.4
                0x00006cb0        0x7 build/obj/chprintf.o
 *fill*         0x00006cb7        0x9 
 .rodata.spc_siu_init
                0x00006cc0       0xd0 build/obj/board.o
 .rodata.pal_default_config
                0x00006d90        0xc build/obj/board.o
                0x00006d90                pal_default_config
 *fill*         0x00006d9c        0x4 
 .rodata.spc_padsels_init
                0x00006da0       0x3f build/obj/board.o
 *fill*         0x00006ddf        0x1 
 .rodata.pwm_config_cfgmotor
                0x00006de0       0x48 build/obj/pwm_lld_cfg.o
                0x00006de0                pwm_config_cfgmotor
 *fill*         0x00006e28        0x8 
 .rodata.shell_cfg_car
                0x00006e30        0x8 build/obj/main.o
 *fill*         0x00006e38        0x8 
 .rodata.str1.4
                0x00006e40        0x8 build/obj/main.o
 *fill*         0x00006e48        0x8 
 .rodata.shell_cfg1
                0x00006e50        0x8 build/obj/main.o
 *fill*         0x00006e58        0x8 
 .rodata.shell_commands
                0x00006e60       0x78 build/obj/shellcmd.o
                0x00006e60                shell_commands
 *fill*         0x00006ed8        0x8 
 .rodata.str1.4
                0x00006ee0      0x3cd build/obj/shellcmd.o
                                0x3d1 (size before relaxing)
 *fill*         0x000072ad        0x3 
 .rodata.states.9687
                0x000072b0       0x3c build/obj/shellcmd.o
 *fill*         0x000072ec        0x4 
 .rodata.shell_commands_car
                0x000072f0       0x48 build/obj/shellbt.o
                0x000072f0                shell_commands_car
 *fill*         0x00007338        0x8 
 .rodata.str1.4
                0x00007340       0x42 build/obj/shellbt.o
                                 0x8d (size before relaxing)
 *fill*         0x00007382        0xe 
 .rodata.serialvprintf
                0x00007390      0x1a8 build/obj/serialprintf.o
 *fill*         0x00007538        0x8 
 .rodata.str1.4
                0x00007540       0x12 build/obj/serialprintf.o
                                 0x1f (size before relaxing)
 *fill*         0x00007552        0xe 
 .rodata.str1.4
                0x00007560        0xa build/obj/serial_input.o
                                 0x13 (size before relaxing)
 *fill*         0x0000756a        0x6 
 .rodata.str1.4
                0x00007570        0x4 c:/spc5studio/eclipse/plugins/com.st.tools.spc5.tools.gnu.gcc.ppcvle.win32_1.0.0.201611101103/toolchain/bin/../lib/gcc/powerpc-eabivle/4.9.2/../../../../powerpc-eabivle/lib\libc.a(lib_a-impure.o)
                                  0x2 (size before relaxing)
 *(.rodata1)

.sdata2         0x00007580        0x0
                0x0000f580                __sdata2_start__ = (. + 0x8000)
 *(.sdata2)
 .sdata2        0x00007580        0x0 build/obj/boot.o
 *(.sdata2.*)
 *(.gnu.linkonce.s2.*)
 *(.sbss2)
 *(.sbss2.*)
 *(.gnu.linkonce.sb2.*)

.eh_frame_hdr   0x00007580        0x0
 *(.eh_frame_hdr)
 .eh_frame_hdr  0x00007580        0x0 c:/spc5studio/eclipse/plugins/com.st.tools.spc5.tools.gnu.gcc.ppcvle.win32_1.0.0.201611101103/toolchain/bin/../lib/gcc/powerpc-eabivle/4.9.2/../../../../powerpc-eabivle/lib\libc.a(lib_a-impure.o)

.eh_frame       0x00007580        0x0
 *(.eh_frame)
 .eh_frame      0x00007580        0x0 build/obj/boot.o

.rela.dyn       0x00007580        0x0
 .rela.iplt     0x00007580        0x0 build/obj/boot.o
 .rela.vectors  0x00007580        0x0 build/obj/boot.o
 .rela.text.halInit
                0x00007580        0x0 build/obj/boot.o
 .rela.text._idle_thread
                0x00007580        0x0 build/obj/boot.o
 .rela.text.chSysInit
                0x00007580        0x0 build/obj/boot.o
 .rela.text.chSysTimerHandlerI
                0x00007580        0x0 build/obj/boot.o
 .rela.text.chThdCreateI
                0x00007580        0x0 build/obj/boot.o
 .rela.text._core_init
                0x00007580        0x0 build/obj/boot.o
 .rela.rodata.shell_cfg_car
                0x00007580        0x0 build/obj/boot.o
 .rela.rodata.shell_cfg1
                0x00007580        0x0 build/obj/boot.o
 .rela.text.stopgps
                0x00007580        0x0 build/obj/boot.o
 .rela.text.speed
                0x00007580        0x0 build/obj/boot.o
 .rela.text.startgps
                0x00007580        0x0 build/obj/boot.o
 .rela.text     0x00007580        0x0 build/obj/boot.o

.romdata        0x00007580        0x0
                0x00007580                __romdata_start__ = .

.stacks         0x40000000      0x800
                0x40000000                . = ALIGN (0x8)
                0x40000000                __irq_stack_base__ = .
                0x40000000                . = (. + __irq_stack_size__)
                0x40000000                . = ALIGN (0x8)
                0x40000000                __irq_stack_end__ = .
                0x40000000                __process_stack_base__ = .
                0x40000000                __main_thread_stack_base__ = .
                0x40000800                . = (. + __process_stack_size__)
 *fill*         0x40000000      0x800 
                0x40000800                . = ALIGN (0x8)
                0x40000800                __process_stack_end__ = .
                0x40000800                __main_thread_stack_end__ = .

.data           0x40000800      0x43c load address 0x00007580
                0x40000800                . = ALIGN (0x4)
                0x40000800                __data_start__ = .
 *(.data)
 .data          0x40000800      0x418 c:/spc5studio/eclipse/plugins/com.st.tools.spc5.tools.gnu.gcc.ppcvle.win32_1.0.0.201611101103/toolchain/bin/../lib/gcc/powerpc-eabivle/4.9.2/../../../../powerpc-eabivle/lib\libc.a(lib_a-impure.o)
 *(.data.*)
 .data.local_commands
                0x40000c18       0x18 build/obj/shell.o
 *(.gnu.linkonce.d.*)
                0x40008c30                __sdata_start__ = (. + 0x8000)
 *(.sdata)
 .sdata         0x40000c30        0x0 build/obj/boot.o
                0x40008c30                _SDA_BASE_
 .sdata         0x40000c30        0x4 c:/spc5studio/eclipse/plugins/com.st.tools.spc5.tools.gnu.gcc.ppcvle.win32_1.0.0.201611101103/toolchain/bin/../lib/gcc/powerpc-eabivle/4.9.2/../../../../powerpc-eabivle/lib\libc.a(lib_a-ctype_.o)
                0x40000c30                __ctype_ptr__
 .sdata         0x40000c34        0x8 c:/spc5studio/eclipse/plugins/com.st.tools.spc5.tools.gnu.gcc.ppcvle.win32_1.0.0.201611101103/toolchain/bin/../lib/gcc/powerpc-eabivle/4.9.2/../../../../powerpc-eabivle/lib\libc.a(lib_a-impure.o)
                0x40000c34                _global_impure_ptr
                0x40000c38                _impure_ptr
 *(.sdata.*)
 *(.gnu.linkonce.s.*)
                0x40000c3c                __data_end__ = .

.sbss           0x40000c3c        0x0
                0x40000c3c                __bss_start__ = .
 *(.sbss)
 *(.sbss.*)
 *(.gnu.linkonce.sb.*)
 *(.scommon)

.bss            0x40000c40      0xdb8 load address 0x000079c0
 *(.bss)
 *(.bss.*)
 .bss.channels  0x40000c40       0x40 build/obj/spc5_edma.o
 .bss.emios0_active_channels
                0x40000c80        0x4 build/obj/spc5_emios.o
 .bss.PWMD1     0x40000c84       0x10 build/obj/pwm_lld.o
                0x40000c84                PWMD1
 .bss.SD1       0x40000c94       0x78 build/obj/serial_lld.o
                0x40000c94                SD1
 .bss.SD2       0x40000d0c       0x78 build/obj/serial_lld.o
                0x40000d0c                SD2
 .bss.mainthread.2127
                0x40000d84       0x48 build/obj/chsys.o
 *fill*         0x40000dcc        0x4 
 .bss._idle_thread_wa
                0x40000dd0      0x208 build/obj/chsys.o
                0x40000dd0                _idle_thread_wa
 .bss.vtlist    0x40000fd8       0x10 build/obj/chvt.o
                0x40000fd8                vtlist
 .bss.rlist     0x40000fe8       0x1c build/obj/chschd.o
                0x40000fe8                rlist
 .bss.endmem    0x40001004        0x4 build/obj/chmemcore.o
 .bss.nextmem   0x40001008        0x4 build/obj/chmemcore.o
 *fill*         0x4000100c        0x4 
 .bss.default_heap
                0x40001010       0x20 build/obj/chheap.o
 .bss.shell_terminated
                0x40001030        0x4 build/obj/shell.o
                0x40001030                shell_terminated
 *fill*         0x40001034        0x4 
 .bss.waThread1
                0x40001038      0x268 build/obj/main.o
 .bss.bCliGOn   0x400012a0        0x1 build/obj/main.o
                0x400012a0                bCliGOn
 .bss.bLightOn  0x400012a1        0x1 build/obj/main.o
                0x400012a1                bLightOn
 .bss.bCliDOn   0x400012a2        0x1 build/obj/main.o
                0x400012a2                bCliDOn
 *fill*         0x400012a3        0x5 
 .bss.waThreadFullDemo
                0x400012a8      0x268 build/obj/shellcmd.o
 .bss.iCarBlinker
                0x40001510        0x4 build/obj/shellcmd.o
                0x40001510                iCarBlinker
 .bss.bFullDemoRunning
                0x40001514        0x1 build/obj/shellcmd.o
                0x40001514                bFullDemoRunning
 *fill*         0x40001515        0x3 
 .bss.waThreadCarBlinker
                0x40001518      0x268 build/obj/shellcmd.o
                0x40001518                waThreadCarBlinker
 .bss.bGpsRunning
                0x40001780        0x1 build/obj/shellbt.o
                0x40001780                bGpsRunning
 *fill*         0x40001781        0x7 
 .bss.waThreadGPS
                0x40001788      0x268 build/obj/shellbt.o
                0x40001788                waThreadGPS
 .bss.tpgps     0x400019f0        0x4 build/obj/shellbt.o
                0x400019f0                tpgps
 .bss.counter   0x400019f4        0x4 build/obj/speedsensor.o
                0x400019f4                counter
 *(.gnu.linkonce.b.*)
 *(COMMON)
                0x400019f8                __bss_end__ = .
                0x400019f8                __heap_base__ = __bss_end__
                0x40004000                __heap_end__ = __ram_end__
LOAD c:/spc5studio/eclipse/plugins/com.st.tools.spc5.tools.gnu.gcc.ppcvle.win32_1.0.0.201611101103/toolchain/bin/../lib/gcc/powerpc-eabivle/4.9.2/e200z0\libgcc.a
LOAD c:/spc5studio/eclipse/plugins/com.st.tools.spc5.tools.gnu.gcc.ppcvle.win32_1.0.0.201611101103/toolchain/bin/../lib/gcc/powerpc-eabivle/4.9.2/../../../../powerpc-eabivle/lib\libc.a
LOAD c:/spc5studio/eclipse/plugins/com.st.tools.spc5.tools.gnu.gcc.ppcvle.win32_1.0.0.201611101103/toolchain/bin/../lib/gcc/powerpc-eabivle/4.9.2/e200z0\libgcc.a
OUTPUT(build/out.elf elf32-powerpc)

.iplt           0x40001a00        0x0 load address 0x00008780
 .iplt          0x40001a00        0x0 build/obj/boot.o

.PPC.EMB.apuinfo
                0x00000000       0x1c
 .PPC.EMB.apuinfo
                0x00000000       0x18 build/obj/boot.o
 .PPC.EMB.apuinfo
                0x00000018       0x18 build/obj/crt0.o
 .PPC.EMB.apuinfo
                0x00000030       0x18 build/obj/ivor.o
 .PPC.EMB.apuinfo
                0x00000048       0x18 build/obj/vectors.o
 .PPC.EMB.apuinfo
                0x00000060       0x18 build/obj/hal.o
 .PPC.EMB.apuinfo
                0x00000078       0x18 build/obj/pal.o
 .PPC.EMB.apuinfo
                0x00000090       0x18 build/obj/pwm.o
 .PPC.EMB.apuinfo
                0x000000a8       0x18 build/obj/serial.o
 .PPC.EMB.apuinfo
                0x000000c0       0x18 build/obj/hal_lld.o
 .PPC.EMB.apuinfo
                0x000000d8       0x18 build/obj/spc5_edma.o
 .PPC.EMB.apuinfo
                0x000000f0       0x18 build/obj/spc5_emios.o
 .PPC.EMB.apuinfo
                0x00000108       0x18 build/obj/pal_lld.o
 .PPC.EMB.apuinfo
                0x00000120       0x18 build/obj/pwm_lld.o
 .PPC.EMB.apuinfo
                0x00000138       0x18 build/obj/serial_lld.o
 .PPC.EMB.apuinfo
                0x00000150       0x18 build/obj/chsys.o
 .PPC.EMB.apuinfo
                0x00000168       0x18 build/obj/chvt.o
 .PPC.EMB.apuinfo
                0x00000180       0x18 build/obj/chschd.o
 .PPC.EMB.apuinfo
                0x00000198       0x18 build/obj/chthreads.o
 .PPC.EMB.apuinfo
                0x000001b0       0x18 build/obj/chdynamic.o
 .PPC.EMB.apuinfo
                0x000001c8       0x18 build/obj/chregistry.o
 .PPC.EMB.apuinfo
                0x000001e0       0x18 build/obj/chsem.o
 .PPC.EMB.apuinfo
                0x000001f8       0x1c build/obj/chmtx.o
 .PPC.EMB.apuinfo
                0x00000214       0x18 build/obj/chcond.o
 .PPC.EMB.apuinfo
                0x0000022c       0x18 build/obj/chevents.o
 .PPC.EMB.apuinfo
                0x00000244       0x18 build/obj/chmsg.o
 .PPC.EMB.apuinfo
                0x0000025c       0x18 build/obj/chmboxes.o
 .PPC.EMB.apuinfo
                0x00000274       0x18 build/obj/chqueues.o
 .PPC.EMB.apuinfo
                0x0000028c       0x18 build/obj/chmemcore.o
 .PPC.EMB.apuinfo
                0x000002a4       0x18 build/obj/chheap.o
 .PPC.EMB.apuinfo
                0x000002bc       0x18 build/obj/chmempools.o
 .PPC.EMB.apuinfo
                0x000002d4       0x18 build/obj/chcore.o
 .PPC.EMB.apuinfo
                0x000002ec       0x18 build/obj/osal.o
 .PPC.EMB.apuinfo
                0x00000304       0x18 build/obj/shell.o
 .PPC.EMB.apuinfo
                0x0000031c       0x1c build/obj/memstreams.o
 .PPC.EMB.apuinfo
                0x00000338       0x1c build/obj/chprintf.o
 .PPC.EMB.apuinfo
                0x00000354       0x18 build/obj/board.o
 .PPC.EMB.apuinfo
                0x0000036c       0x18 build/obj/osal_cfg.o
 .PPC.EMB.apuinfo
                0x00000384       0x18 build/obj/main.o
 .PPC.EMB.apuinfo
                0x0000039c       0x18 build/obj/shellcmd.o
 .PPC.EMB.apuinfo
                0x000003b4       0x18 build/obj/shellbt.o
 .PPC.EMB.apuinfo
                0x000003cc       0x1c build/obj/serialprintf.o
 .PPC.EMB.apuinfo
                0x000003e8       0x18 build/obj/serial_input.o
 .PPC.EMB.apuinfo
                0x00000400       0x18 build/obj/speedsensor.o
 .PPC.EMB.apuinfo
                0x00000418       0x18 build/obj/carcommand.o
 .PPC.EMB.apuinfo
                0x00000430       0x18 build/obj/components.o
 .PPC.EMB.apuinfo
                0x00000448       0x18 c:/spc5studio/eclipse/plugins/com.st.tools.spc5.tools.gnu.gcc.ppcvle.win32_1.0.0.201611101103/toolchain/bin/../lib/gcc/powerpc-eabivle/4.9.2/../../../../powerpc-eabivle/lib\libc.a(lib_a-atoi.o)
 .PPC.EMB.apuinfo
                0x00000460       0x18 c:/spc5studio/eclipse/plugins/com.st.tools.spc5.tools.gnu.gcc.ppcvle.win32_1.0.0.201611101103/toolchain/bin/../lib/gcc/powerpc-eabivle/4.9.2/../../../../powerpc-eabivle/lib\libc.a(lib_a-memcpy.o)
 .PPC.EMB.apuinfo
                0x00000478       0x18 c:/spc5studio/eclipse/plugins/com.st.tools.spc5.tools.gnu.gcc.ppcvle.win32_1.0.0.201611101103/toolchain/bin/../lib/gcc/powerpc-eabivle/4.9.2/../../../../powerpc-eabivle/lib\libc.a(lib_a-strcasecmp.o)
 .PPC.EMB.apuinfo
                0x00000490       0x18 c:/spc5studio/eclipse/plugins/com.st.tools.spc5.tools.gnu.gcc.ppcvle.win32_1.0.0.201611101103/toolchain/bin/../lib/gcc/powerpc-eabivle/4.9.2/../../../../powerpc-eabivle/lib\libc.a(lib_a-strpbrk.o)
 .PPC.EMB.apuinfo
                0x000004a8       0x18 c:/spc5studio/eclipse/plugins/com.st.tools.spc5.tools.gnu.gcc.ppcvle.win32_1.0.0.201611101103/toolchain/bin/../lib/gcc/powerpc-eabivle/4.9.2/../../../../powerpc-eabivle/lib\libc.a(lib_a-strspn.o)
 .PPC.EMB.apuinfo
                0x000004c0       0x18 c:/spc5studio/eclipse/plugins/com.st.tools.spc5.tools.gnu.gcc.ppcvle.win32_1.0.0.201611101103/toolchain/bin/../lib/gcc/powerpc-eabivle/4.9.2/../../../../powerpc-eabivle/lib\libc.a(lib_a-strtol.o)

.comment        0x00000000       0x54
 .comment       0x00000000       0x54 build/obj/hal.o
                                 0x55 (size before relaxing)
 .comment       0x00000054       0x55 build/obj/pal.o
 .comment       0x00000054       0x55 build/obj/pwm.o
 .comment       0x00000054       0x55 build/obj/serial.o
 .comment       0x00000054       0x55 build/obj/hal_lld.o
 .comment       0x00000054       0x55 build/obj/spc5_edma.o
 .comment       0x00000054       0x55 build/obj/spc5_emios.o
 .comment       0x00000054       0x55 build/obj/pal_lld.o
 .comment       0x00000054       0x55 build/obj/pwm_lld.o
 .comment       0x00000054       0x55 build/obj/serial_lld.o
 .comment       0x00000054       0x55 build/obj/chsys.o
 .comment       0x00000054       0x55 build/obj/chvt.o
 .comment       0x00000054       0x55 build/obj/chschd.o
 .comment       0x00000054       0x55 build/obj/chthreads.o
 .comment       0x00000054       0x55 build/obj/chdynamic.o
 .comment       0x00000054       0x55 build/obj/chregistry.o
 .comment       0x00000054       0x55 build/obj/chsem.o
 .comment       0x00000054       0x55 build/obj/chmtx.o
 .comment       0x00000054       0x55 build/obj/chcond.o
 .comment       0x00000054       0x55 build/obj/chevents.o
 .comment       0x00000054       0x55 build/obj/chmsg.o
 .comment       0x00000054       0x55 build/obj/chmboxes.o
 .comment       0x00000054       0x55 build/obj/chqueues.o
 .comment       0x00000054       0x55 build/obj/chmemcore.o
 .comment       0x00000054       0x55 build/obj/chheap.o
 .comment       0x00000054       0x55 build/obj/chmempools.o
 .comment       0x00000054       0x55 build/obj/chcore.o
 .comment       0x00000054       0x55 build/obj/osal.o
 .comment       0x00000054       0x55 build/obj/shell.o
 .comment       0x00000054       0x55 build/obj/memstreams.o
 .comment       0x00000054       0x55 build/obj/chprintf.o
 .comment       0x00000054       0x55 build/obj/board.o
 .comment       0x00000054       0x55 build/obj/pwm_lld_cfg.o
 .comment       0x00000054       0x55 build/obj/osal_cfg.o
 .comment       0x00000054       0x55 build/obj/main.o
 .comment       0x00000054       0x55 build/obj/shellcmd.o
 .comment       0x00000054       0x55 build/obj/shellbt.o
 .comment       0x00000054       0x55 build/obj/serialprintf.o
 .comment       0x00000054       0x55 build/obj/serial_input.o
 .comment       0x00000054       0x55 build/obj/speedsensor.o
 .comment       0x00000054       0x55 build/obj/carcommand.o
 .comment       0x00000054       0x55 build/obj/components.o
 .comment       0x00000054       0x55 c:/spc5studio/eclipse/plugins/com.st.tools.spc5.tools.gnu.gcc.ppcvle.win32_1.0.0.201611101103/toolchain/bin/../lib/gcc/powerpc-eabivle/4.9.2/../../../../powerpc-eabivle/lib\libc.a(lib_a-atoi.o)
 .comment       0x00000054       0x55 c:/spc5studio/eclipse/plugins/com.st.tools.spc5.tools.gnu.gcc.ppcvle.win32_1.0.0.201611101103/toolchain/bin/../lib/gcc/powerpc-eabivle/4.9.2/../../../../powerpc-eabivle/lib\libc.a(lib_a-memcpy.o)
 .comment       0x00000054       0x55 c:/spc5studio/eclipse/plugins/com.st.tools.spc5.tools.gnu.gcc.ppcvle.win32_1.0.0.201611101103/toolchain/bin/../lib/gcc/powerpc-eabivle/4.9.2/../../../../powerpc-eabivle/lib\libc.a(lib_a-strcasecmp.o)
 .comment       0x00000054       0x55 c:/spc5studio/eclipse/plugins/com.st.tools.spc5.tools.gnu.gcc.ppcvle.win32_1.0.0.201611101103/toolchain/bin/../lib/gcc/powerpc-eabivle/4.9.2/../../../../powerpc-eabivle/lib\libc.a(lib_a-strpbrk.o)
 .comment       0x00000054       0x55 c:/spc5studio/eclipse/plugins/com.st.tools.spc5.tools.gnu.gcc.ppcvle.win32_1.0.0.201611101103/toolchain/bin/../lib/gcc/powerpc-eabivle/4.9.2/../../../../powerpc-eabivle/lib\libc.a(lib_a-strspn.o)
 .comment       0x00000054       0x55 c:/spc5studio/eclipse/plugins/com.st.tools.spc5.tools.gnu.gcc.ppcvle.win32_1.0.0.201611101103/toolchain/bin/../lib/gcc/powerpc-eabivle/4.9.2/../../../../powerpc-eabivle/lib\libc.a(lib_a-strtol.o)
 .comment       0x00000054       0x55 c:/spc5studio/eclipse/plugins/com.st.tools.spc5.tools.gnu.gcc.ppcvle.win32_1.0.0.201611101103/toolchain/bin/../lib/gcc/powerpc-eabivle/4.9.2/../../../../powerpc-eabivle/lib\libc.a(lib_a-ctype_.o)
 .comment       0x00000054       0x55 c:/spc5studio/eclipse/plugins/com.st.tools.spc5.tools.gnu.gcc.ppcvle.win32_1.0.0.201611101103/toolchain/bin/../lib/gcc/powerpc-eabivle/4.9.2/../../../../powerpc-eabivle/lib\libc.a(lib_a-impure.o)

.gnu.attributes
                0x00000000       0x10
 .gnu.attributes
                0x00000000       0x10 build/obj/chprintf.o

.debug_info     0x00000000    0x2e403
 .debug_info    0x00000000      0x307 build/obj/hal.o
 .debug_info    0x00000307      0x32a build/obj/pal.o
 .debug_info    0x00000631     0x1268 build/obj/pwm.o
 .debug_info    0x00001899     0x22c1 build/obj/serial.o
 .debug_info    0x00003b5a     0x36d3 build/obj/hal_lld.o
 .debug_info    0x0000722d     0x2d1d build/obj/spc5_edma.o
 .debug_info    0x00009f4a      0xf7e build/obj/spc5_emios.o
 .debug_info    0x0000aec8     0x147e build/obj/pal_lld.o
 .debug_info    0x0000c346     0x15a0 build/obj/pwm_lld.o
 .debug_info    0x0000d8e6     0x2129 build/obj/serial_lld.o
 .debug_info    0x0000fa0f      0x959 build/obj/chsys.o
 .debug_info    0x00010368      0x223 build/obj/chvt.o
 .debug_info    0x0001058b      0xb1b build/obj/chschd.o
 .debug_info    0x000110a6      0xc72 build/obj/chthreads.o
 .debug_info    0x00011d18      0x982 build/obj/chdynamic.o
 .debug_info    0x0001269a      0x725 build/obj/chregistry.o
 .debug_info    0x00012dbf      0xc2c build/obj/chsem.o
 .debug_info    0x000139eb      0xaaf build/obj/chmtx.o
 .debug_info    0x0001449a      0xa51 build/obj/chcond.o
 .debug_info    0x00014eeb      0xd79 build/obj/chevents.o
 .debug_info    0x00015c64      0x74d build/obj/chmsg.o
 .debug_info    0x000163b1      0xc15 build/obj/chmboxes.o
 .debug_info    0x00016fc6      0xc87 build/obj/chqueues.o
 .debug_info    0x00017c4d      0x223 build/obj/chmemcore.o
 .debug_info    0x00017e70      0x817 build/obj/chheap.o
 .debug_info    0x00018687      0x3fb build/obj/chmempools.o
 .debug_info    0x00018a82       0xf2 build/obj/chcore.o
 .debug_info    0x00018b74      0xa5a build/obj/osal.o
 .debug_info    0x000195ce     0x165e build/obj/shell.o
 .debug_info    0x0001ac2c      0x3e8 build/obj/memstreams.o
 .debug_info    0x0001b014      0x6b8 build/obj/chprintf.o
 .debug_info    0x0001b6cc      0x30d build/obj/board.o
 .debug_info    0x0001b9d9      0xe87 build/obj/pwm_lld_cfg.o
 .debug_info    0x0001c860      0x19c build/obj/osal_cfg.o
 .debug_info    0x0001c9fc     0x3e1e build/obj/main.o
 .debug_info    0x0002081a     0x3be9 build/obj/shellcmd.o
 .debug_info    0x00024403      0x9b8 build/obj/shellbt.o
 .debug_info    0x00024dbb     0x1ed1 build/obj/serialprintf.o
 .debug_info    0x00026c8c     0x1eef build/obj/serial_input.o
 .debug_info    0x00028b7b     0x127b build/obj/speedsensor.o
 .debug_info    0x00029df6     0x2471 build/obj/carcommand.o
 .debug_info    0x0002c267      0x1f1 build/obj/components.o
 .debug_info    0x0002c458      0x91f c:/spc5studio/eclipse/plugins/com.st.tools.spc5.tools.gnu.gcc.ppcvle.win32_1.0.0.201611101103/toolchain/bin/../lib/gcc/powerpc-eabivle/4.9.2/../../../../powerpc-eabivle/lib\libc.a(lib_a-atoi.o)
 .debug_info    0x0002cd77      0x131 c:/spc5studio/eclipse/plugins/com.st.tools.spc5.tools.gnu.gcc.ppcvle.win32_1.0.0.201611101103/toolchain/bin/../lib/gcc/powerpc-eabivle/4.9.2/../../../../powerpc-eabivle/lib\libc.a(lib_a-memcpy.o)
 .debug_info    0x0002cea8      0x155 c:/spc5studio/eclipse/plugins/com.st.tools.spc5.tools.gnu.gcc.ppcvle.win32_1.0.0.201611101103/toolchain/bin/../lib/gcc/powerpc-eabivle/4.9.2/../../../../powerpc-eabivle/lib\libc.a(lib_a-strcasecmp.o)
 .debug_info    0x0002cffd       0xc8 c:/spc5studio/eclipse/plugins/com.st.tools.spc5.tools.gnu.gcc.ppcvle.win32_1.0.0.201611101103/toolchain/bin/../lib/gcc/powerpc-eabivle/4.9.2/../../../../powerpc-eabivle/lib\libc.a(lib_a-strpbrk.o)
 .debug_info    0x0002d0c5       0xda c:/spc5studio/eclipse/plugins/com.st.tools.spc5.tools.gnu.gcc.ppcvle.win32_1.0.0.201611101103/toolchain/bin/../lib/gcc/powerpc-eabivle/4.9.2/../../../../powerpc-eabivle/lib\libc.a(lib_a-strspn.o)
 .debug_info    0x0002d19f      0x983 c:/spc5studio/eclipse/plugins/com.st.tools.spc5.tools.gnu.gcc.ppcvle.win32_1.0.0.201611101103/toolchain/bin/../lib/gcc/powerpc-eabivle/4.9.2/../../../../powerpc-eabivle/lib\libc.a(lib_a-strtol.o)
 .debug_info    0x0002db22       0x6f c:/spc5studio/eclipse/plugins/com.st.tools.spc5.tools.gnu.gcc.ppcvle.win32_1.0.0.201611101103/toolchain/bin/../lib/gcc/powerpc-eabivle/4.9.2/../../../../powerpc-eabivle/lib\libc.a(lib_a-ctype_.o)
 .debug_info    0x0002db91      0x872 c:/spc5studio/eclipse/plugins/com.st.tools.spc5.tools.gnu.gcc.ppcvle.win32_1.0.0.201611101103/toolchain/bin/../lib/gcc/powerpc-eabivle/4.9.2/../../../../powerpc-eabivle/lib\libc.a(lib_a-impure.o)

.debug_abbrev   0x00000000     0x6e06
 .debug_abbrev  0x00000000      0x11c build/obj/hal.o
 .debug_abbrev  0x0000011c      0x137 build/obj/pal.o
 .debug_abbrev  0x00000253      0x258 build/obj/pwm.o
 .debug_abbrev  0x000004ab      0x3aa build/obj/serial.o
 .debug_abbrev  0x00000855      0x37a build/obj/hal_lld.o
 .debug_abbrev  0x00000bcf      0x366 build/obj/spc5_edma.o
 .debug_abbrev  0x00000f35      0x228 build/obj/spc5_emios.o
 .debug_abbrev  0x0000115d      0x226 build/obj/pal_lld.o
 .debug_abbrev  0x00001383      0x368 build/obj/pwm_lld.o
 .debug_abbrev  0x000016eb      0x439 build/obj/serial_lld.o
 .debug_abbrev  0x00001b24      0x218 build/obj/chsys.o
 .debug_abbrev  0x00001d3c      0x10a build/obj/chvt.o
 .debug_abbrev  0x00001e46      0x32f build/obj/chschd.o
 .debug_abbrev  0x00002175      0x388 build/obj/chthreads.o
 .debug_abbrev  0x000024fd      0x236 build/obj/chdynamic.o
 .debug_abbrev  0x00002733      0x185 build/obj/chregistry.o
 .debug_abbrev  0x000028b8      0x3b7 build/obj/chsem.o
 .debug_abbrev  0x00002c6f      0x31d build/obj/chmtx.o
 .debug_abbrev  0x00002f8c      0x2e6 build/obj/chcond.o
 .debug_abbrev  0x00003272      0x313 build/obj/chevents.o
 .debug_abbrev  0x00003585      0x214 build/obj/chmsg.o
 .debug_abbrev  0x00003799      0x2b2 build/obj/chmboxes.o
 .debug_abbrev  0x00003a4b      0x353 build/obj/chqueues.o
 .debug_abbrev  0x00003d9e      0x16e build/obj/chmemcore.o
 .debug_abbrev  0x00003f0c      0x1f7 build/obj/chheap.o
 .debug_abbrev  0x00004103      0x217 build/obj/chmempools.o
 .debug_abbrev  0x0000431a       0x7a build/obj/chcore.o
 .debug_abbrev  0x00004394      0x28a build/obj/osal.o
 .debug_abbrev  0x0000461e      0x3d2 build/obj/shell.o
 .debug_abbrev  0x000049f0      0x164 build/obj/memstreams.o
 .debug_abbrev  0x00004b54      0x23a build/obj/chprintf.o
 .debug_abbrev  0x00004d8e      0x126 build/obj/board.o
 .debug_abbrev  0x00004eb4      0x179 build/obj/pwm_lld_cfg.o
 .debug_abbrev  0x0000502d       0xb4 build/obj/osal_cfg.o
 .debug_abbrev  0x000050e1      0x338 build/obj/main.o
 .debug_abbrev  0x00005419      0x4e7 build/obj/shellcmd.o
 .debug_abbrev  0x00005900      0x1ec build/obj/shellbt.o
 .debug_abbrev  0x00005aec      0x362 build/obj/serialprintf.o
 .debug_abbrev  0x00005e4e      0x2c8 build/obj/serial_input.o
 .debug_abbrev  0x00006116      0x187 build/obj/speedsensor.o
 .debug_abbrev  0x0000629d      0x26b build/obj/carcommand.o
 .debug_abbrev  0x00006508       0xf1 build/obj/components.o
 .debug_abbrev  0x000065f9      0x1d1 c:/spc5studio/eclipse/plugins/com.st.tools.spc5.tools.gnu.gcc.ppcvle.win32_1.0.0.201611101103/toolchain/bin/../lib/gcc/powerpc-eabivle/4.9.2/../../../../powerpc-eabivle/lib\libc.a(lib_a-atoi.o)
 .debug_abbrev  0x000067ca       0xab c:/spc5studio/eclipse/plugins/com.st.tools.spc5.tools.gnu.gcc.ppcvle.win32_1.0.0.201611101103/toolchain/bin/../lib/gcc/powerpc-eabivle/4.9.2/../../../../powerpc-eabivle/lib\libc.a(lib_a-memcpy.o)
 .debug_abbrev  0x00006875       0xad c:/spc5studio/eclipse/plugins/com.st.tools.spc5.tools.gnu.gcc.ppcvle.win32_1.0.0.201611101103/toolchain/bin/../lib/gcc/powerpc-eabivle/4.9.2/../../../../powerpc-eabivle/lib\libc.a(lib_a-strcasecmp.o)
 .debug_abbrev  0x00006922       0x81 c:/spc5studio/eclipse/plugins/com.st.tools.spc5.tools.gnu.gcc.ppcvle.win32_1.0.0.201611101103/toolchain/bin/../lib/gcc/powerpc-eabivle/4.9.2/../../../../powerpc-eabivle/lib\libc.a(lib_a-strpbrk.o)
 .debug_abbrev  0x000069a3       0x8e c:/spc5studio/eclipse/plugins/com.st.tools.spc5.tools.gnu.gcc.ppcvle.win32_1.0.0.201611101103/toolchain/bin/../lib/gcc/powerpc-eabivle/4.9.2/../../../../powerpc-eabivle/lib\libc.a(lib_a-strspn.o)
 .debug_abbrev  0x00006a31      0x207 c:/spc5studio/eclipse/plugins/com.st.tools.spc5.tools.gnu.gcc.ppcvle.win32_1.0.0.201611101103/toolchain/bin/../lib/gcc/powerpc-eabivle/4.9.2/../../../../powerpc-eabivle/lib\libc.a(lib_a-strtol.o)
 .debug_abbrev  0x00006c38       0x4e c:/spc5studio/eclipse/plugins/com.st.tools.spc5.tools.gnu.gcc.ppcvle.win32_1.0.0.201611101103/toolchain/bin/../lib/gcc/powerpc-eabivle/4.9.2/../../../../powerpc-eabivle/lib\libc.a(lib_a-ctype_.o)
 .debug_abbrev  0x00006c86      0x180 c:/spc5studio/eclipse/plugins/com.st.tools.spc5.tools.gnu.gcc.ppcvle.win32_1.0.0.201611101103/toolchain/bin/../lib/gcc/powerpc-eabivle/4.9.2/../../../../powerpc-eabivle/lib\libc.a(lib_a-impure.o)

.debug_loc      0x00000000     0xa954
 .debug_loc     0x00000000       0x2c build/obj/hal.o
 .debug_loc     0x0000002c       0xbb build/obj/pal.o
 .debug_loc     0x000000e7      0x23c build/obj/pwm.o
 .debug_loc     0x00000323      0x75a build/obj/serial.o
 .debug_loc     0x00000a7d      0x2da build/obj/hal_lld.o
 .debug_loc     0x00000d57      0x559 build/obj/spc5_edma.o
 .debug_loc     0x000012b0       0x91 build/obj/spc5_emios.o
 .debug_loc     0x00001341      0x118 build/obj/pal_lld.o
 .debug_loc     0x00001459      0x626 build/obj/pwm_lld.o
 .debug_loc     0x00001a7f      0x67e build/obj/serial_lld.o
 .debug_loc     0x000020fd       0x89 build/obj/chsys.o
 .debug_loc     0x00002186       0x1e build/obj/chvt.o
 .debug_loc     0x000021a4      0x306 build/obj/chschd.o
 .debug_loc     0x000024aa      0x467 build/obj/chthreads.o
 .debug_loc     0x00002911      0x319 build/obj/chdynamic.o
 .debug_loc     0x00002c2a       0x99 build/obj/chregistry.o
 .debug_loc     0x00002cc3      0x7b1 build/obj/chsem.o
 .debug_loc     0x00003474      0x557 build/obj/chmtx.o
 .debug_loc     0x000039cb      0x4bf build/obj/chcond.o
 .debug_loc     0x00003e8a      0x8eb build/obj/chevents.o
 .debug_loc     0x00004775      0x269 build/obj/chmsg.o
 .debug_loc     0x000049de      0x8a8 build/obj/chmboxes.o
 .debug_loc     0x00005286      0x7c9 build/obj/chqueues.o
 .debug_loc     0x00005a4f       0xe6 build/obj/chmemcore.o
 .debug_loc     0x00005b35      0x47f build/obj/chheap.o
 .debug_loc     0x00005fb4      0x1a8 build/obj/chmempools.o
 .debug_loc     0x0000615c      0x41e build/obj/osal.o
 .debug_loc     0x0000657a      0xa43 build/obj/shell.o
 .debug_loc     0x00006fbd      0x26c build/obj/memstreams.o
 .debug_loc     0x00007229      0x982 build/obj/chprintf.o
 .debug_loc     0x00007bab      0x195 build/obj/main.o
 .debug_loc     0x00007d40     0x1174 build/obj/shellcmd.o
 .debug_loc     0x00008eb4      0x108 build/obj/shellbt.o
 .debug_loc     0x00008fbc      0x960 build/obj/serialprintf.o
 .debug_loc     0x0000991c      0x540 build/obj/serial_input.o
 .debug_loc     0x00009e5c       0x13 build/obj/speedsensor.o
 .debug_loc     0x00009e6f      0x151 build/obj/carcommand.o
 .debug_loc     0x00009fc0       0x2c build/obj/components.o
 .debug_loc     0x00009fec       0x63 c:/spc5studio/eclipse/plugins/com.st.tools.spc5.tools.gnu.gcc.ppcvle.win32_1.0.0.201611101103/toolchain/bin/../lib/gcc/powerpc-eabivle/4.9.2/../../../../powerpc-eabivle/lib\libc.a(lib_a-atoi.o)
 .debug_loc     0x0000a04f      0x2d6 c:/spc5studio/eclipse/plugins/com.st.tools.spc5.tools.gnu.gcc.ppcvle.win32_1.0.0.201611101103/toolchain/bin/../lib/gcc/powerpc-eabivle/4.9.2/../../../../powerpc-eabivle/lib\libc.a(lib_a-memcpy.o)
 .debug_loc     0x0000a325      0x1fd c:/spc5studio/eclipse/plugins/com.st.tools.spc5.tools.gnu.gcc.ppcvle.win32_1.0.0.201611101103/toolchain/bin/../lib/gcc/powerpc-eabivle/4.9.2/../../../../powerpc-eabivle/lib\libc.a(lib_a-strcasecmp.o)
 .debug_loc     0x0000a522       0x88 c:/spc5studio/eclipse/plugins/com.st.tools.spc5.tools.gnu.gcc.ppcvle.win32_1.0.0.201611101103/toolchain/bin/../lib/gcc/powerpc-eabivle/4.9.2/../../../../powerpc-eabivle/lib\libc.a(lib_a-strpbrk.o)
 .debug_loc     0x0000a5aa       0xb6 c:/spc5studio/eclipse/plugins/com.st.tools.spc5.tools.gnu.gcc.ppcvle.win32_1.0.0.201611101103/toolchain/bin/../lib/gcc/powerpc-eabivle/4.9.2/../../../../powerpc-eabivle/lib\libc.a(lib_a-strspn.o)
 .debug_loc     0x0000a660      0x2f4 c:/spc5studio/eclipse/plugins/com.st.tools.spc5.tools.gnu.gcc.ppcvle.win32_1.0.0.201611101103/toolchain/bin/../lib/gcc/powerpc-eabivle/4.9.2/../../../../powerpc-eabivle/lib\libc.a(lib_a-strtol.o)

.debug_aranges  0x00000000      0xd98
 .debug_aranges
                0x00000000       0x20 build/obj/hal.o
 .debug_aranges
                0x00000020       0x30 build/obj/pal.o
 .debug_aranges
                0x00000050       0x50 build/obj/pwm.o
 .debug_aranges
                0x000000a0       0x88 build/obj/serial.o
 .debug_aranges
                0x00000128       0x48 build/obj/hal_lld.o
 .debug_aranges
                0x00000170       0xb8 build/obj/spc5_edma.o
 .debug_aranges
                0x00000228       0x48 build/obj/spc5_emios.o
 .debug_aranges
                0x00000270       0x38 build/obj/pal_lld.o
 .debug_aranges
                0x000002a8       0x70 build/obj/pwm_lld.o
 .debug_aranges
                0x00000318       0x88 build/obj/serial_lld.o
 .debug_aranges
                0x000003a0       0x30 build/obj/chsys.o
 .debug_aranges
                0x000003d0       0x30 build/obj/chvt.o
 .debug_aranges
                0x00000400       0x70 build/obj/chschd.o
 .debug_aranges
                0x00000470       0x78 build/obj/chthreads.o
 .debug_aranges
                0x000004e8       0x38 build/obj/chdynamic.o
 .debug_aranges
                0x00000520       0x28 build/obj/chregistry.o
 .debug_aranges
                0x00000548       0x70 build/obj/chsem.o
 .debug_aranges
                0x000005b8       0x58 build/obj/chmtx.o
 .debug_aranges
                0x00000610       0x60 build/obj/chcond.o
 .debug_aranges
                0x00000670       0xa0 build/obj/chevents.o
 .debug_aranges
                0x00000710       0x30 build/obj/chmsg.o
 .debug_aranges
                0x00000740       0x70 build/obj/chmboxes.o
 .debug_aranges
                0x000007b0       0x70 build/obj/chqueues.o
 .debug_aranges
                0x00000820       0x38 build/obj/chmemcore.o
 .debug_aranges
                0x00000858       0x40 build/obj/chheap.o
 .debug_aranges
                0x00000898       0x48 build/obj/chmempools.o
 .debug_aranges
                0x000008e0       0x38 build/obj/chcore.o
 .debug_aranges
                0x00000918       0x58 build/obj/osal.o
 .debug_aranges
                0x00000970       0x68 build/obj/shell.o
 .debug_aranges
                0x000009d8       0x40 build/obj/memstreams.o
 .debug_aranges
                0x00000a18       0x30 build/obj/chprintf.o
 .debug_aranges
                0x00000a48       0x28 build/obj/board.o
 .debug_aranges
                0x00000a70       0x18 build/obj/pwm_lld_cfg.o
 .debug_aranges
                0x00000a88       0x20 build/obj/osal_cfg.o
 .debug_aranges
                0x00000aa8       0x28 build/obj/main.o
 .debug_aranges
                0x00000ad0       0xa0 build/obj/shellcmd.o
 .debug_aranges
                0x00000b70       0x28 build/obj/shellbt.o
 .debug_aranges
                0x00000b98       0x48 build/obj/serialprintf.o
 .debug_aranges
                0x00000be0       0x40 build/obj/serial_input.o
 .debug_aranges
                0x00000c20       0x38 build/obj/speedsensor.o
 .debug_aranges
                0x00000c58       0x30 build/obj/carcommand.o
 .debug_aranges
                0x00000c88       0x20 build/obj/components.o
 .debug_aranges
                0x00000ca8       0x20 c:/spc5studio/eclipse/plugins/com.st.tools.spc5.tools.gnu.gcc.ppcvle.win32_1.0.0.201611101103/toolchain/bin/../lib/gcc/powerpc-eabivle/4.9.2/../../../../powerpc-eabivle/lib\libc.a(lib_a-atoi.o)
 .debug_aranges
                0x00000cc8       0x20 c:/spc5studio/eclipse/plugins/com.st.tools.spc5.tools.gnu.gcc.ppcvle.win32_1.0.0.201611101103/toolchain/bin/../lib/gcc/powerpc-eabivle/4.9.2/../../../../powerpc-eabivle/lib\libc.a(lib_a-memcpy.o)
 .debug_aranges
                0x00000ce8       0x20 c:/spc5studio/eclipse/plugins/com.st.tools.spc5.tools.gnu.gcc.ppcvle.win32_1.0.0.201611101103/toolchain/bin/../lib/gcc/powerpc-eabivle/4.9.2/../../../../powerpc-eabivle/lib\libc.a(lib_a-strcasecmp.o)
 .debug_aranges
                0x00000d08       0x20 c:/spc5studio/eclipse/plugins/com.st.tools.spc5.tools.gnu.gcc.ppcvle.win32_1.0.0.201611101103/toolchain/bin/../lib/gcc/powerpc-eabivle/4.9.2/../../../../powerpc-eabivle/lib\libc.a(lib_a-strpbrk.o)
 .debug_aranges
                0x00000d28       0x20 c:/spc5studio/eclipse/plugins/com.st.tools.spc5.tools.gnu.gcc.ppcvle.win32_1.0.0.201611101103/toolchain/bin/../lib/gcc/powerpc-eabivle/4.9.2/../../../../powerpc-eabivle/lib\libc.a(lib_a-strspn.o)
 .debug_aranges
                0x00000d48       0x20 c:/spc5studio/eclipse/plugins/com.st.tools.spc5.tools.gnu.gcc.ppcvle.win32_1.0.0.201611101103/toolchain/bin/../lib/gcc/powerpc-eabivle/4.9.2/../../../../powerpc-eabivle/lib\libc.a(lib_a-strtol.o)
 .debug_aranges
                0x00000d68       0x18 c:/spc5studio/eclipse/plugins/com.st.tools.spc5.tools.gnu.gcc.ppcvle.win32_1.0.0.201611101103/toolchain/bin/../lib/gcc/powerpc-eabivle/4.9.2/../../../../powerpc-eabivle/lib\libc.a(lib_a-ctype_.o)
 .debug_aranges
                0x00000d80       0x18 c:/spc5studio/eclipse/plugins/com.st.tools.spc5.tools.gnu.gcc.ppcvle.win32_1.0.0.201611101103/toolchain/bin/../lib/gcc/powerpc-eabivle/4.9.2/../../../../powerpc-eabivle/lib\libc.a(lib_a-impure.o)

.debug_ranges   0x00000000     0x1468
 .debug_ranges  0x00000000       0x10 build/obj/hal.o
 .debug_ranges  0x00000010       0x20 build/obj/pal.o
 .debug_ranges  0x00000030       0x40 build/obj/pwm.o
 .debug_ranges  0x00000070       0x90 build/obj/serial.o
 .debug_ranges  0x00000100       0xf8 build/obj/hal_lld.o
 .debug_ranges  0x000001f8       0xa8 build/obj/spc5_edma.o
 .debug_ranges  0x000002a0       0x38 build/obj/spc5_emios.o
 .debug_ranges  0x000002d8       0x40 build/obj/pal_lld.o
 .debug_ranges  0x00000318       0x78 build/obj/pwm_lld.o
 .debug_ranges  0x00000390       0xd8 build/obj/serial_lld.o
 .debug_ranges  0x00000468       0x20 build/obj/chsys.o
 .debug_ranges  0x00000488       0x20 build/obj/chvt.o
 .debug_ranges  0x000004a8      0x110 build/obj/chschd.o
 .debug_ranges  0x000005b8       0xd0 build/obj/chthreads.o
 .debug_ranges  0x00000688       0x28 build/obj/chdynamic.o
 .debug_ranges  0x000006b0       0x18 build/obj/chregistry.o
 .debug_ranges  0x000006c8      0x170 build/obj/chsem.o
 .debug_ranges  0x00000838      0x1a8 build/obj/chmtx.o
 .debug_ranges  0x000009e0       0xc0 build/obj/chcond.o
 .debug_ranges  0x00000aa0       0xc0 build/obj/chevents.o
 .debug_ranges  0x00000b60       0x80 build/obj/chmsg.o
 .debug_ranges  0x00000be0       0xa8 build/obj/chmboxes.o
 .debug_ranges  0x00000c88       0x78 build/obj/chqueues.o
 .debug_ranges  0x00000d00       0x58 build/obj/chmemcore.o
 .debug_ranges  0x00000d58       0x30 build/obj/chheap.o
 .debug_ranges  0x00000d88       0x68 build/obj/chmempools.o
 .debug_ranges  0x00000df0       0x28 build/obj/chcore.o
 .debug_ranges  0x00000e18       0xd8 build/obj/osal.o
 .debug_ranges  0x00000ef0      0x170 build/obj/shell.o
 .debug_ranges  0x00001060       0x30 build/obj/memstreams.o
 .debug_ranges  0x00001090       0x50 build/obj/chprintf.o
 .debug_ranges  0x000010e0       0x18 build/obj/board.o
 .debug_ranges  0x000010f8       0x10 build/obj/osal_cfg.o
 .debug_ranges  0x00001108       0x50 build/obj/main.o
 .debug_ranges  0x00001158      0x190 build/obj/shellcmd.o
 .debug_ranges  0x000012e8       0x18 build/obj/shellbt.o
 .debug_ranges  0x00001300       0x68 build/obj/serialprintf.o
 .debug_ranges  0x00001368       0x70 build/obj/serial_input.o
 .debug_ranges  0x000013d8       0x28 build/obj/speedsensor.o
 .debug_ranges  0x00001400       0x20 build/obj/carcommand.o
 .debug_ranges  0x00001420       0x10 build/obj/components.o
 .debug_ranges  0x00001430       0x38 c:/spc5studio/eclipse/plugins/com.st.tools.spc5.tools.gnu.gcc.ppcvle.win32_1.0.0.201611101103/toolchain/bin/../lib/gcc/powerpc-eabivle/4.9.2/../../../../powerpc-eabivle/lib\libc.a(lib_a-strcasecmp.o)

.debug_line     0x00000000     0xbb36
 .debug_line    0x00000000      0x317 build/obj/hal.o
 .debug_line    0x00000317      0x2d8 build/obj/pal.o
 .debug_line    0x000005ef      0x3e8 build/obj/pwm.o
 .debug_line    0x000009d7      0x591 build/obj/serial.o
 .debug_line    0x00000f68      0x460 build/obj/hal_lld.o
 .debug_line    0x000013c8      0x66a build/obj/spc5_edma.o
 .debug_line    0x00001a32      0x338 build/obj/spc5_emios.o
 .debug_line    0x00001d6a      0x2eb build/obj/pal_lld.o
 .debug_line    0x00002055      0x4c7 build/obj/pwm_lld.o
 .debug_line    0x0000251c      0x5ed build/obj/serial_lld.o
 .debug_line    0x00002b09      0x3a7 build/obj/chsys.o
 .debug_line    0x00002eb0      0x26b build/obj/chvt.o
 .debug_line    0x0000311b      0x473 build/obj/chschd.o
 .debug_line    0x0000358e      0x56a build/obj/chthreads.o
 .debug_line    0x00003af8      0x403 build/obj/chdynamic.o
 .debug_line    0x00003efb      0x36f build/obj/chregistry.o
 .debug_line    0x0000426a      0x4c1 build/obj/chsem.o
 .debug_line    0x0000472b      0x4c2 build/obj/chmtx.o
 .debug_line    0x00004bed      0x40c build/obj/chcond.o
 .debug_line    0x00004ff9      0x564 build/obj/chevents.o
 .debug_line    0x0000555d      0x32c build/obj/chmsg.o
 .debug_line    0x00005889      0x3e8 build/obj/chmboxes.o
 .debug_line    0x00005c71      0x552 build/obj/chqueues.o
 .debug_line    0x000061c3      0x2eb build/obj/chmemcore.o
 .debug_line    0x000064ae      0x3f3 build/obj/chheap.o
 .debug_line    0x000068a1      0x340 build/obj/chmempools.o
 .debug_line    0x00006be1      0x113 build/obj/chcore.o
 .debug_line    0x00006cf4      0x417 build/obj/osal.o
 .debug_line    0x0000710b      0x635 build/obj/shell.o
 .debug_line    0x00007740      0x357 build/obj/memstreams.o
 .debug_line    0x00007a97      0x52f build/obj/chprintf.o
 .debug_line    0x00007fc6      0x29c build/obj/board.o
 .debug_line    0x00008262      0x2b1 build/obj/pwm_lld_cfg.o
 .debug_line    0x00008513      0x22d build/obj/osal_cfg.o
 .debug_line    0x00008740      0x792 build/obj/main.o
 .debug_line    0x00008ed2      0x7b1 build/obj/shellcmd.o
 .debug_line    0x00009683      0x3da build/obj/shellbt.o
 .debug_line    0x00009a5d      0x670 build/obj/serialprintf.o
 .debug_line    0x0000a0cd      0x546 build/obj/serial_input.o
 .debug_line    0x0000a613      0x2a8 build/obj/speedsensor.o
 .debug_line    0x0000a8bb      0x3ef build/obj/carcommand.o
 .debug_line    0x0000acaa      0x2e9 build/obj/components.o
 .debug_line    0x0000af93      0x1f7 c:/spc5studio/eclipse/plugins/com.st.tools.spc5.tools.gnu.gcc.ppcvle.win32_1.0.0.201611101103/toolchain/bin/../lib/gcc/powerpc-eabivle/4.9.2/../../../../powerpc-eabivle/lib\libc.a(lib_a-atoi.o)
 .debug_line    0x0000b18a      0x195 c:/spc5studio/eclipse/plugins/com.st.tools.spc5.tools.gnu.gcc.ppcvle.win32_1.0.0.201611101103/toolchain/bin/../lib/gcc/powerpc-eabivle/4.9.2/../../../../powerpc-eabivle/lib\libc.a(lib_a-memcpy.o)
 .debug_line    0x0000b31f      0x111 c:/spc5studio/eclipse/plugins/com.st.tools.spc5.tools.gnu.gcc.ppcvle.win32_1.0.0.201611101103/toolchain/bin/../lib/gcc/powerpc-eabivle/4.9.2/../../../../powerpc-eabivle/lib\libc.a(lib_a-strcasecmp.o)
 .debug_line    0x0000b430       0xf7 c:/spc5studio/eclipse/plugins/com.st.tools.spc5.tools.gnu.gcc.ppcvle.win32_1.0.0.201611101103/toolchain/bin/../lib/gcc/powerpc-eabivle/4.9.2/../../../../powerpc-eabivle/lib\libc.a(lib_a-strpbrk.o)
 .debug_line    0x0000b527      0x17f c:/spc5studio/eclipse/plugins/com.st.tools.spc5.tools.gnu.gcc.ppcvle.win32_1.0.0.201611101103/toolchain/bin/../lib/gcc/powerpc-eabivle/4.9.2/../../../../powerpc-eabivle/lib\libc.a(lib_a-strspn.o)
 .debug_line    0x0000b6a6      0x293 c:/spc5studio/eclipse/plugins/com.st.tools.spc5.tools.gnu.gcc.ppcvle.win32_1.0.0.201611101103/toolchain/bin/../lib/gcc/powerpc-eabivle/4.9.2/../../../../powerpc-eabivle/lib\libc.a(lib_a-strtol.o)
 .debug_line    0x0000b939       0x91 c:/spc5studio/eclipse/plugins/com.st.tools.spc5.tools.gnu.gcc.ppcvle.win32_1.0.0.201611101103/toolchain/bin/../lib/gcc/powerpc-eabivle/4.9.2/../../../../powerpc-eabivle/lib\libc.a(lib_a-ctype_.o)
 .debug_line    0x0000b9ca      0x16c c:/spc5studio/eclipse/plugins/com.st.tools.spc5.tools.gnu.gcc.ppcvle.win32_1.0.0.201611101103/toolchain/bin/../lib/gcc/powerpc-eabivle/4.9.2/../../../../powerpc-eabivle/lib\libc.a(lib_a-impure.o)

.debug_str      0x00000000     0x4b9d
 .debug_str     0x00000000      0x305 build/obj/hal.o
                                0x360 (size before relaxing)
 .debug_str     0x00000305       0xd0 build/obj/pal.o
                                0x344 (size before relaxing)
 .debug_str     0x000003d5      0x3f2 build/obj/pwm.o
                                0x68b (size before relaxing)
 .debug_str     0x000007c7      0x812 build/obj/serial.o
                                0xb0f (size before relaxing)
 .debug_str     0x00000fd9      0xc2a build/obj/hal_lld.o
                                0xf14 (size before relaxing)
 .debug_str     0x00001c03      0xa33 build/obj/spc5_edma.o
                                0xd8a (size before relaxing)
 .debug_str     0x00002636       0xec build/obj/spc5_emios.o
                                0x662 (size before relaxing)
 .debug_str     0x00002722      0x47e build/obj/pal_lld.o
                                0x81c (size before relaxing)
 .debug_str     0x00002ba0       0x9f build/obj/pwm_lld.o
                                0x7c1 (size before relaxing)
 .debug_str     0x00002c3f      0x10c build/obj/serial_lld.o
                                0xb5d (size before relaxing)
 .debug_str     0x00002d4b      0x211 build/obj/chsys.o
                                0x62a (size before relaxing)
 .debug_str     0x00002f5c       0x5c build/obj/chvt.o
                                0x2b0 (size before relaxing)
 .debug_str     0x00002fb8      0x123 build/obj/chschd.o
                                0x573 (size before relaxing)
 .debug_str     0x000030db      0x110 build/obj/chthreads.o
                                0x5c6 (size before relaxing)
 .debug_str     0x000031eb      0x133 build/obj/chdynamic.o
                                0x51d (size before relaxing)
 .debug_str     0x0000331e       0x68 build/obj/chregistry.o
                                0x53d (size before relaxing)
 .debug_str     0x00003386       0xee build/obj/chsem.o
                                0x528 (size before relaxing)
 .debug_str     0x00003474       0xb0 build/obj/chmtx.o
                                0x4bc (size before relaxing)
 .debug_str     0x00003524       0xd6 build/obj/chcond.o
                                0x516 (size before relaxing)
 .debug_str     0x000035fa      0x177 build/obj/chevents.o
                                0x5ed (size before relaxing)
 .debug_str     0x00003771       0x63 build/obj/chmsg.o
                                0x461 (size before relaxing)
 .debug_str     0x000037d4      0x108 build/obj/chmboxes.o
                                0x4f0 (size before relaxing)
 .debug_str     0x000038dc       0x55 build/obj/chqueues.o
                                0x554 (size before relaxing)
 .debug_str     0x00003931       0x96 build/obj/chmemcore.o
                                0x2a7 (size before relaxing)
 .debug_str     0x000039c7       0x6e build/obj/chheap.o
                                0x48e (size before relaxing)
 .debug_str     0x00003a35       0x7b build/obj/chmempools.o
                                0x2f5 (size before relaxing)
 .debug_str     0x00003ab0       0x61 build/obj/chcore.o
                                0x253 (size before relaxing)
 .debug_str     0x00003b11       0xfe build/obj/osal.o
                                0x580 (size before relaxing)
 .debug_str     0x00003c0f      0x202 build/obj/shell.o
                                0x743 (size before relaxing)
 .debug_str     0x00003e11       0x86 build/obj/memstreams.o
                                0x2ad (size before relaxing)
 .debug_str     0x00003e97       0xbc build/obj/chprintf.o
                                0x39e (size before relaxing)
 .debug_str     0x00003f53       0x71 build/obj/board.o
                                0x377 (size before relaxing)
 .debug_str     0x00003fc4       0x53 build/obj/pwm_lld_cfg.o
                                0x590 (size before relaxing)
 .debug_str     0x00004017       0x3d build/obj/osal_cfg.o
                                0x291 (size before relaxing)
 .debug_str     0x00004054       0xa8 build/obj/main.o
                               0x1246 (size before relaxing)
 .debug_str     0x000040fc      0x11e build/obj/shellcmd.o
                               0x1093 (size before relaxing)
 .debug_str     0x0000421a       0x13 build/obj/shellbt.o
                                0x53f (size before relaxing)
 .debug_str     0x0000422d       0x78 build/obj/serialprintf.o
                                0xa5c (size before relaxing)
 .debug_str     0x000042a5       0x7b build/obj/serial_input.o
                                0xa0a (size before relaxing)
 .debug_str     0x00004320       0x31 build/obj/speedsensor.o
                                0x6fe (size before relaxing)
 .debug_str     0x00004351       0x16 build/obj/carcommand.o
                                0xba4 (size before relaxing)
 .debug_str     0x00004367       0x1a build/obj/components.o
                                0x294 (size before relaxing)
 .debug_str     0x00004381      0x4b9 c:/spc5studio/eclipse/plugins/com.st.tools.spc5.tools.gnu.gcc.ppcvle.win32_1.0.0.201611101103/toolchain/bin/../lib/gcc/powerpc-eabivle/4.9.2/../../../../powerpc-eabivle/lib\libc.a(lib_a-atoi.o)
                                0x570 (size before relaxing)
 .debug_str     0x0000483a       0xd5 c:/spc5studio/eclipse/plugins/com.st.tools.spc5.tools.gnu.gcc.ppcvle.win32_1.0.0.201611101103/toolchain/bin/../lib/gcc/powerpc-eabivle/4.9.2/../../../../powerpc-eabivle/lib\libc.a(lib_a-memcpy.o)
                                0x1f4 (size before relaxing)
 .debug_str     0x0000490f       0x52 c:/spc5studio/eclipse/plugins/com.st.tools.spc5.tools.gnu.gcc.ppcvle.win32_1.0.0.201611101103/toolchain/bin/../lib/gcc/powerpc-eabivle/4.9.2/../../../../powerpc-eabivle/lib\libc.a(lib_a-strcasecmp.o)
                                0x1e6 (size before relaxing)
 .debug_str     0x00004961       0x37 c:/spc5studio/eclipse/plugins/com.st.tools.spc5.tools.gnu.gcc.ppcvle.win32_1.0.0.201611101103/toolchain/bin/../lib/gcc/powerpc-eabivle/4.9.2/../../../../powerpc-eabivle/lib\libc.a(lib_a-strpbrk.o)
                                0x1c8 (size before relaxing)
 .debug_str     0x00004998       0x36 c:/spc5studio/eclipse/plugins/com.st.tools.spc5.tools.gnu.gcc.ppcvle.win32_1.0.0.201611101103/toolchain/bin/../lib/gcc/powerpc-eabivle/4.9.2/../../../../powerpc-eabivle/lib\libc.a(lib_a-strspn.o)
                                0x1cd (size before relaxing)
 .debug_str     0x000049ce       0x50 c:/spc5studio/eclipse/plugins/com.st.tools.spc5.tools.gnu.gcc.ppcvle.win32_1.0.0.201611101103/toolchain/bin/../lib/gcc/powerpc-eabivle/4.9.2/../../../../powerpc-eabivle/lib\libc.a(lib_a-strtol.o)
                                0x5a3 (size before relaxing)
 .debug_str     0x00004a1e       0xb4 c:/spc5studio/eclipse/plugins/com.st.tools.spc5.tools.gnu.gcc.ppcvle.win32_1.0.0.201611101103/toolchain/bin/../lib/gcc/powerpc-eabivle/4.9.2/../../../../powerpc-eabivle/lib\libc.a(lib_a-ctype_.o)
                                0x14f (size before relaxing)
 .debug_str     0x00004ad2       0xcb c:/spc5studio/eclipse/plugins/com.st.tools.spc5.tools.gnu.gcc.ppcvle.win32_1.0.0.201611101103/toolchain/bin/../lib/gcc/powerpc-eabivle/4.9.2/../../../../powerpc-eabivle/lib\libc.a(lib_a-impure.o)
                                0x57d (size before relaxing)

.debug_frame    0x00000000     0x2874